../Core/Src/lvgl/misc/cache/lv_cache.c:328:13:cache_evict_one_internal_no_lock	16	static
../Core/Src/lvgl/misc/cache/lv_cache.c:343:27:cache_add_internal_no_lock	24	static
../Core/Src/lvgl/misc/cache/lv_cache.c:47:14:lv_cache_create	24	static
../Core/Src/lvgl/misc/cache/lv_cache.c:71:6:lv_cache_destroy	8	static
../Core/Src/lvgl/misc/cache/lv_cache.c:82:20:lv_cache_acquire	8	static
../Core/Src/lvgl/misc/cache/lv_cache.c:107:6:lv_cache_release	16	static
../Core/Src/lvgl/misc/cache/lv_cache.c:124:20:lv_cache_add	8	static
../Core/Src/lvgl/misc/cache/lv_cache.c:148:20:lv_cache_acquire_or_create	24	static
../Core/Src/lvgl/misc/cache/lv_cache.c:198:6:lv_cache_reserve	24	static
../Core/Src/lvgl/misc/cache/lv_cache.c:211:6:lv_cache_drop	16	static
../Core/Src/lvgl/misc/cache/lv_cache.c:224:6:lv_cache_evict_one	0	static
../Core/Src/lvgl/misc/cache/lv_cache.c:237:6:lv_cache_drop_all	0	static
../Core/Src/lvgl/misc/cache/lv_cache.c:250:6:lv_cache_set_max_size	0	static
../Core/Src/lvgl/misc/cache/lv_cache.c:255:8:lv_cache_get_max_size	0	static
../Core/Src/lvgl/misc/cache/lv_cache.c:260:8:lv_cache_get_size	0	static
../Core/Src/lvgl/misc/cache/lv_cache.c:265:8:lv_cache_get_free_size	0	static
../Core/Src/lvgl/misc/cache/lv_cache.c:270:6:lv_cache_is_enabled	0	static
../Core/Src/lvgl/misc/cache/lv_cache.c:274:6:lv_cache_set_compare_cb	0	static
../Core/Src/lvgl/misc/cache/lv_cache.c:279:6:lv_cache_set_create_cb	0	static
../Core/Src/lvgl/misc/cache/lv_cache.c:284:6:lv_cache_set_free_cb	0	static
../Core/Src/lvgl/misc/cache/lv_cache.c:289:6:lv_cache_set_name	0	static
../Core/Src/lvgl/misc/cache/lv_cache.c:294:14:lv_cache_get_name	0	static
../Core/Src/lvgl/misc/cache/lv_cache.c:299:13:lv_cache_iter_create	0	static
