../Core/Src/lvgl/misc/cache/lv_cache_entry.c:42:6:lv_cache_entry_reset_ref	0	static
../Core/Src/lvgl/misc/cache/lv_cache_entry.c:48:6:lv_cache_entry_inc_ref	0	static
../Core/Src/lvgl/misc/cache/lv_cache_entry.c:54:6:lv_cache_entry_dec_ref	0	static
../Core/Src/lvgl/misc/cache/lv_cache_entry.c:64:9:lv_cache_entry_get_ref	0	static
../Core/Src/lvgl/misc/cache/lv_cache_entry.c:70:10:lv_cache_entry_get_node_size	0	static
../Core/Src/lvgl/misc/cache/lv_cache_entry.c:75:6:lv_cache_entry_set_node_size	0	static
../Core/Src/lvgl/misc/cache/lv_cache_entry.c:81:6:lv_cache_entry_is_invalid	0	static
../Core/Src/lvgl/misc/cache/lv_cache_entry.c:87:8:lv_cache_entry_get_data	0	static
../Core/Src/lvgl/misc/cache/lv_cache_entry.c:93:8:lv_cache_entry_acquire_data	0	static
../Core/Src/lvgl/misc/cache/lv_cache_entry.c:101:6:lv_cache_entry_release_data	0	static
../Core/Src/lvgl/misc/cache/lv_cache_entry.c:114:20:lv_cache_entry_get_entry	0	static
../Core/Src/lvgl/misc/cache/lv_cache_entry.c:120:6:lv_cache_entry_set_cache	0	static
../Core/Src/lvgl/misc/cache/lv_cache_entry.c:126:20:lv_cache_entry_get_cache	0	static
../Core/Src/lvgl/misc/cache/lv_cache_entry.c:132:10:lv_cache_entry_get_size	0	static
../Core/Src/lvgl/misc/cache/lv_cache_entry.c:137:20:lv_cache_entry_alloc	16	static
../Core/Src/lvgl/misc/cache/lv_cache_entry.c:150:6:lv_cache_entry_init	0	static
../Core/Src/lvgl/misc/cache/lv_cache_entry.c:161:6:lv_cache_entry_delete	0	static
../Core/Src/lvgl/misc/cache/lv_cache_entry.c:173:6:lv_cache_entry_set_flag	0	static
../Core/Src/lvgl/misc/cache/lv_cache_entry.c:179:6:lv_cache_entry_remove_flag	0	static
../Core/Src/lvgl/misc/cache/lv_cache_entry.c:185:6:lv_cache_entry_has_flag	0	static
