../Core/Src/lvgl/widgets/keyboard/lv_keyboard.c:475:13:lv_keyboard_update_ctrl_map	16	static
../Core/Src/lvgl/widgets/keyboard/lv_keyboard.c:464:13:lv_keyboard_update_map	8	static
../Core/Src/lvgl/widgets/keyboard/lv_keyboard.c:443:13:lv_keyboard_constructor	16	static
../Core/Src/lvgl/widgets/keyboard/lv_keyboard.c:320:6:lv_keyboard_def_event_cb	16	static
../Core/Src/lvgl/widgets/keyboard/lv_keyboard.c:227:12:lv_keyboard_create	8	static
../Core/Src/lvgl/widgets/keyboard/lv_keyboard.c:239:6:lv_keyboard_set_textarea	16	static
../Core/Src/lvgl/widgets/keyboard/lv_keyboard.c:261:6:lv_keyboard_set_mode	0	static
../Core/Src/lvgl/widgets/keyboard/lv_keyboard.c:271:6:lv_keyboard_set_popovers	4	static
../Core/Src/lvgl/widgets/keyboard/lv_keyboard.c:283:6:lv_keyboard_set_map	4	static
../Core/Src/lvgl/widgets/keyboard/lv_keyboard.c:296:12:lv_keyboard_get_textarea	0	static
../Core/Src/lvgl/widgets/keyboard/lv_keyboard.c:303:20:lv_keyboard_get_mode	0	static
../Core/Src/lvgl/widgets/keyboard/lv_keyboard.c:310:6:lv_keyboard_get_popovers	0	static
../Core/Src/lvgl/widgets/keyboard/lv_keyboard.c:424:22:lv_keyboard_get_map_array	0	static
../Core/Src/lvgl/widgets/keyboard/lv_keyboard.c:429:10:lv_keyboard_get_selected_button	0	static
../Core/Src/lvgl/widgets/keyboard/lv_keyboard.c:434:14:lv_keyboard_get_button_text	0	static
