../Core/Src/lvgl/widgets/menu/lv_menu.c:649:13:lv_menu_destructor	0	static
../Core/Src/lvgl/widgets/menu/lv_menu.c:695:13:lv_menu_section_constructor	8	static
../Core/Src/lvgl/widgets/menu/lv_menu.c:687:13:lv_menu_cont_constructor	8	static
../Core/Src/lvgl/widgets/menu/lv_menu.c:582:13:lv_menu_constructor	16	static
../Core/Src/lvgl/widgets/menu/lv_menu.c:859:13:lv_menu_value_changed_event_cb	8	static
../Core/Src/lvgl/widgets/menu/lv_menu.c:674:13:lv_menu_page_destructor	8	static
../Core/Src/lvgl/widgets/menu/lv_menu.c:814:13:lv_menu_obj_delete_event_cb	8	static
../Core/Src/lvgl/widgets/menu/lv_menu.c:662:13:lv_menu_page_constructor	8	static
../Core/Src/lvgl/widgets/menu/lv_menu.c:737:13:lv_menu_refr_main_header_mode	8	static
../Core/Src/lvgl/widgets/menu/lv_menu.c:702:13:lv_menu_refr_sidebar_header_mode	8	static
../Core/Src/lvgl/widgets/menu/lv_menu.c:138:12:lv_menu_create	8	static
../Core/Src/lvgl/widgets/menu/lv_menu.c:163:12:lv_menu_cont_create	8	static
../Core/Src/lvgl/widgets/menu/lv_menu.c:179:12:lv_menu_section_create	8	static
../Core/Src/lvgl/widgets/menu/lv_menu.c:189:12:lv_menu_separator_create	8	static
../Core/Src/lvgl/widgets/menu/lv_menu.c:370:6:lv_menu_set_mode_header	8	static
../Core/Src/lvgl/widgets/menu/lv_menu.c:395:6:lv_menu_set_load_page_event	40	static
../Core/Src/lvgl/widgets/menu/lv_menu.c:435:6:lv_menu_set_page_title	16	static
../Core/Src/lvgl/widgets/menu/lv_menu.c:146:12:lv_menu_page_create	16	static
../Core/Src/lvgl/widgets/menu/lv_menu.c:462:6:lv_menu_set_page_title_static	16	static
../Core/Src/lvgl/widgets/menu/lv_menu.c:489:12:lv_menu_get_cur_main_page	0	static
../Core/Src/lvgl/widgets/menu/lv_menu.c:497:12:lv_menu_get_cur_sidebar_page	0	static
../Core/Src/lvgl/widgets/menu/lv_menu.c:505:12:lv_menu_get_main_header	0	static
../Core/Src/lvgl/widgets/menu/lv_menu.c:513:12:lv_menu_get_main_header_back_button	0	static
../Core/Src/lvgl/widgets/menu/lv_menu.c:521:12:lv_menu_get_sidebar_header	0	static
../Core/Src/lvgl/widgets/menu/lv_menu.c:529:12:lv_menu_get_sidebar_header_back_button	0	static
../Core/Src/lvgl/widgets/menu/lv_menu.c:537:6:lv_menu_back_button_is_root	0	static
../Core/Src/lvgl/widgets/menu/lv_menu.c:552:23:lv_menu_get_mode_header	0	static
../Core/Src/lvgl/widgets/menu/lv_menu.c:559:33:lv_menu_get_mode_root_back_button	0	static
../Core/Src/lvgl/widgets/menu/lv_menu.c:566:6:lv_menu_clear_history	8	static
../Core/Src/lvgl/widgets/menu/lv_menu.c:227:6:lv_menu_set_page	16	static
../Core/Src/lvgl/widgets/menu/lv_menu.c:820:13:lv_menu_back_event_cb	24	static
../Core/Src/lvgl/widgets/menu/lv_menu.c:199:6:lv_menu_refr	24	static
../Core/Src/lvgl/widgets/menu/lv_menu.c:307:6:lv_menu_set_sidebar_page	24	static
../Core/Src/lvgl/widgets/menu/lv_menu.c:383:6:lv_menu_set_mode_root_back_button	4	static
../Core/Src/lvgl/widgets/menu/lv_menu.c:773:13:lv_menu_load_page_event_cb	16	static
