../Core/Src/lvgl/widgets/chart/lv_chart.c:1904:16:value_to_y	16	static
../Core/Src/lvgl/widgets/chart/../../core/lv_obj_style_gen.h:30:23:lv_obj_get_style_width	16	static
../Core/Src/lvgl/widgets/chart/../../core/lv_obj_style_gen.h:380:23:lv_obj_get_style_pad_column	16	static
../Core/Src/lvgl/widgets/chart/lv_chart.c:859:13:lv_chart_destructor	16	static
../Core/Src/lvgl/widgets/chart/lv_chart.c:830:13:lv_chart_constructor	8	static
../Core/Src/lvgl/widgets/chart/lv_chart.c:1850:13:new_points_alloc	32	static
../Core/Src/lvgl/widgets/chart/../../core/lv_obj_style_gen.h:708:23:lv_obj_get_style_border_width.constprop	16	static
../Core/Src/lvgl/widgets/chart/../../core/lv_obj_style_gen.h:344:23:lv_obj_get_style_pad_left.constprop	16	static
../Core/Src/lvgl/widgets/chart/lv_chart.c:1785:13:invalidate_point	48	static
../Core/Src/lvgl/widgets/chart/../../core/lv_obj_style_gen.h:320:23:lv_obj_get_style_pad_top.constprop	16	static
../Core/Src/lvgl/widgets/chart/lv_chart.c:1019:13:draw_series_line	384	static
../Core/Src/lvgl/widgets/chart/lv_chart.c:107:12:lv_chart_create	8	static
../Core/Src/lvgl/widgets/chart/lv_chart.c:115:6:lv_chart_set_type	24	static
../Core/Src/lvgl/widgets/chart/lv_chart.c:144:6:lv_chart_set_point_count	24	static
../Core/Src/lvgl/widgets/chart/lv_chart.c:168:6:lv_chart_set_axis_min_value	0	static
../Core/Src/lvgl/widgets/chart/lv_chart.c:199:6:lv_chart_set_axis_max_value	0	static
../Core/Src/lvgl/widgets/chart/lv_chart.c:229:6:lv_chart_set_axis_range	16	static
../Core/Src/lvgl/widgets/chart/lv_chart.c:237:6:lv_chart_set_update_mode	4	static
../Core/Src/lvgl/widgets/chart/lv_chart.c:248:6:lv_chart_set_div_line_count	0	static
../Core/Src/lvgl/widgets/chart/lv_chart.c:261:6:lv_chart_set_hor_div_line_count	0	static
../Core/Src/lvgl/widgets/chart/lv_chart.c:271:6:lv_chart_set_ver_div_line_count	0	static
../Core/Src/lvgl/widgets/chart/lv_chart.c:281:17:lv_chart_get_type	0	static
../Core/Src/lvgl/widgets/chart/lv_chart.c:289:10:lv_chart_get_point_count	0	static
../Core/Src/lvgl/widgets/chart/lv_chart.c:297:24:lv_chart_get_update_mode	0	static
../Core/Src/lvgl/widgets/chart/lv_chart.c:305:10:lv_chart_get_hor_div_line_count	0	static
../Core/Src/lvgl/widgets/chart/lv_chart.c:313:10:lv_chart_get_ver_div_line_count	0	static
../Core/Src/lvgl/widgets/chart/lv_chart.c:321:10:lv_chart_get_x_start_point	0	static
../Core/Src/lvgl/widgets/chart/lv_chart.c:329:6:lv_chart_get_point_pos_by_id	64	static
../Core/Src/lvgl/widgets/chart/lv_chart.c:889:13:lv_chart_event	632	static
../Core/Src/lvgl/widgets/chart/lv_chart.c:452:6:lv_chart_refresh	0	static
../Core/Src/lvgl/widgets/chart/lv_chart.c:463:21:lv_chart_add_series	32	static
../Core/Src/lvgl/widgets/chart/lv_chart.c:525:6:lv_chart_remove_series	16	static
../Core/Src/lvgl/widgets/chart/lv_chart.c:540:6:lv_chart_hide_series	0	static
../Core/Src/lvgl/widgets/chart/lv_chart.c:549:6:lv_chart_set_series_color	8	static
../Core/Src/lvgl/widgets/chart/lv_chart.c:558:12:lv_chart_get_series_color	8	static
../Core/Src/lvgl/widgets/chart/lv_chart.c:567:6:lv_chart_set_x_start_point	0	static
../Core/Src/lvgl/widgets/chart/lv_chart.c:577:21:lv_chart_get_series_next	0	static
../Core/Src/lvgl/widgets/chart/lv_chart.c:590:22:lv_chart_add_cursor	24	static
../Core/Src/lvgl/widgets/chart/lv_chart.c:608:6:lv_chart_remove_cursor	8	static
../Core/Src/lvgl/widgets/chart/lv_chart.c:618:6:lv_chart_set_cursor_pos	4	static
../Core/Src/lvgl/widgets/chart/lv_chart.c:628:6:lv_chart_set_cursor_pos_x	0	static
../Core/Src/lvgl/widgets/chart/lv_chart.c:638:6:lv_chart_set_cursor_pos_y	0	static
../Core/Src/lvgl/widgets/chart/lv_chart.c:648:6:lv_chart_set_cursor_point	16	static
../Core/Src/lvgl/widgets/chart/lv_chart.c:660:12:lv_chart_get_cursor_point	0	static
../Core/Src/lvgl/widgets/chart/lv_chart.c:672:6:lv_chart_set_all_values	4	static
../Core/Src/lvgl/widgets/chart/lv_chart.c:687:6:lv_chart_set_next_value	16	static
../Core/Src/lvgl/widgets/chart/lv_chart.c:699:6:lv_chart_set_next_value2	12	static
../Core/Src/lvgl/widgets/chart/lv_chart.c:717:6:lv_chart_set_series_values	24	static
../Core/Src/lvgl/widgets/chart/lv_chart.c:725:6:lv_chart_set_series_values2	32	static
../Core/Src/lvgl/widgets/chart/lv_chart.c:735:6:lv_chart_set_series_value_by_id	4	static
../Core/Src/lvgl/widgets/chart/lv_chart.c:746:6:lv_chart_set_series_value_by_id2	12	static
../Core/Src/lvgl/widgets/chart/lv_chart.c:764:6:lv_chart_set_series_ext_y_array	16	static
../Core/Src/lvgl/widgets/chart/lv_chart.c:775:6:lv_chart_set_series_ext_x_array	16	static
../Core/Src/lvgl/widgets/chart/lv_chart.c:786:11:lv_chart_get_series_y_array	0	static
../Core/Src/lvgl/widgets/chart/lv_chart.c:794:11:lv_chart_get_series_x_array	0	static
../Core/Src/lvgl/widgets/chart/lv_chart.c:802:10:lv_chart_get_pressed_point	0	static
../Core/Src/lvgl/widgets/chart/lv_chart.c:808:9:lv_chart_get_first_point_center_offset	16	static
