../Core/Src/lvgl/core/lv_obj_tree.c:654:13:obj_indev_reset	16	static
../Core/Src/lvgl/core/lv_obj_tree.c:811:19:lv_obj_get_first_not_deleting_child.isra	8	static
../Core/Src/lvgl/core/lv_obj_tree.c:124:6:lv_obj_delete_delayed	112	static
../Core/Src/lvgl/core/lv_obj_tree.c:141:6:lv_obj_delete_async	0	static
../Core/Src/lvgl/core/lv_obj_tree.c:290:12:lv_obj_get_screen	0	static
../Core/Src/lvgl/core/lv_obj_tree.c:305:16:lv_obj_get_display	8	static
../Core/Src/lvgl/core/lv_obj_tree.c:327:12:lv_obj_get_parent	0	static
../Core/Src/lvgl/core/lv_obj_tree.c:335:12:lv_obj_get_child	0	static
../Core/Src/lvgl/core/lv_obj_tree.c:787:13:dump_tree_core.isra	16	static
../Core/Src/lvgl/core/lv_obj_tree.c:355:12:lv_obj_get_child_by_type	16	static
../Core/Src/lvgl/core/lv_obj_tree.c:403:10:lv_obj_get_child_count	0	static
../Core/Src/lvgl/core/lv_obj_tree.c:757:31:walk_core	24	static
../Core/Src/lvgl/core/lv_obj_tree.c:410:10:lv_obj_get_child_count_by_type	12	static
../Core/Src/lvgl/core/lv_obj_tree.c:583:9:lv_obj_get_index	8	static
../Core/Src/lvgl/core/lv_obj_tree.c:668:13:obj_delete_core	24	static
../Core/Src/lvgl/core/lv_obj_tree.c:56:6:lv_obj_delete	24	static
../Core/Src/lvgl/core/lv_obj_tree.c:647:13:lv_obj_delete_async_cb	0	static
../Core/Src/lvgl/core/lv_obj_tree.c:136:6:lv_obj_delete_anim_completed_cb	0	static
../Core/Src/lvgl/core/lv_obj_tree.c:94:6:lv_obj_clean	16	static
../Core/Src/lvgl/core/lv_obj_tree.c:147:6:lv_obj_set_parent	24	static
../Core/Src/lvgl/core/lv_obj_tree.c:208:6:lv_obj_move_to_index	24	static
../Core/Src/lvgl/core/lv_obj_tree.c:257:6:lv_obj_swap	32	static
../Core/Src/lvgl/core/lv_obj_tree.c:383:12:lv_obj_get_sibling	16	static
../Core/Src/lvgl/core/lv_obj_tree.c:600:9:lv_obj_get_index_by_type	20	static
../Core/Src/lvgl/core/lv_obj_tree.c:392:12:lv_obj_get_sibling_by_type	16	static
../Core/Src/lvgl/core/lv_obj_tree.c:621:6:lv_obj_tree_walk	0	static
../Core/Src/lvgl/core/lv_obj_tree.c:626:6:lv_obj_dump_tree	16	static
