../Core/Src/lvgl/core/../misc/lv_style.h:529:30:lv_style_get_prop_inlined	16	static
../Core/Src/lvgl/core/lv_obj_style.c:818:23:get_prop_core	48	static
../Core/Src/lvgl/core/lv_obj_style.c:1186:23:get_selector_style_prop	24	static
../Core/Src/lvgl/core/lv_obj_style.c:901:13:refresh_children_style	24	static
../Core/Src/lvgl/core/lv_obj_style.c:1153:13:fade_anim_cb	0	static
../Core/Src/lvgl/core/lv_obj_style.c:924:13:trans_delete.isra	32	static
../Core/Src/lvgl/core/lv_obj_style.c:791:25:get_trans_style	24	static
../Core/Src/lvgl/core/lv_obj_style.c:1163:13:style_has_flag.constprop	16	static
../Core/Src/lvgl/core/lv_obj_style.c:94:6:lv_obj_style_init	0	static
../Core/Src/lvgl/core/lv_obj_style.c:99:6:lv_obj_style_deinit	8	static
../Core/Src/lvgl/core/lv_obj_style.c:307:6:lv_obj_style_get_disabled	16	static
../Core/Src/lvgl/core/lv_obj_style.c:321:6:lv_obj_enable_style_refresh	0	static
../Core/Src/lvgl/core/lv_obj_style.c:326:18:lv_obj_get_style_prop	24	static
../Core/Src/lvgl/core/lv_obj_style.c:340:6:lv_obj_has_style_prop	16	static
../Core/Src/lvgl/core/lv_obj_style.c:382:16:lv_obj_get_local_style_prop	16	static
../Core/Src/lvgl/core/lv_obj_style.c:476:18:lv_obj_style_apply_color_filter	16	static
../Core/Src/lvgl/core/lv_obj_style.c:493:22:lv_obj_style_state_compare	40	static
../Core/Src/lvgl/core/lv_obj_style.c:554:6:lv_obj_fade_in	112	static
../Core/Src/lvgl/core/lv_obj_style.c:567:6:lv_obj_fade_out	120	static
../Core/Src/lvgl/core/lv_obj_style.c:579:17:lv_obj_calculate_style_text_align	24	static
../Core/Src/lvgl/core/lv_obj_style.c:587:10:lv_obj_get_style_opa_recursive	24	static
../Core/Src/lvgl/core/lv_obj_style.c:635:6:lv_obj_update_layer_type	24	static
../Core/Src/lvgl/core/lv_obj_style.c:242:6:lv_obj_refresh_style	48	static
../Core/Src/lvgl/core/lv_obj_style.c:167:6:lv_obj_replace_style	48	static
../Core/Src/lvgl/core/lv_obj_style.c:1258:13:remove_style_core	48	static
../Core/Src/lvgl/core/lv_obj_style.c:213:6:lv_obj_remove_style	0	static
../Core/Src/lvgl/core/lv_obj_style.c:223:6:lv_obj_remove_style_all	0	static
../Core/Src/lvgl/core/lv_obj_style.c:1046:13:trans_anim_completed_cb	24	static
../Core/Src/lvgl/core/lv_obj_style.c:218:6:lv_obj_remove_theme	0	static
../Core/Src/lvgl/core/lv_obj_style.c:108:6:lv_obj_add_style	24	static
../Core/Src/lvgl/core/lv_obj_style.c:879:13:report_style_change_core	24	static
../Core/Src/lvgl/core/lv_obj_style.c:228:6:lv_obj_report_style_change	16	static
../Core/Src/lvgl/core/lv_obj_style.c:290:6:lv_obj_style_set_disabled	16	static
../Core/Src/lvgl/core/lv_obj_style.c:1319:13:bind_style_observer_cb	16	static
../Core/Src/lvgl/core/lv_obj_style.c:353:6:lv_obj_set_local_style_prop	40	static
../Core/Src/lvgl/core/lv_obj_style.c:1328:13:bind_style_prop_observer_cb	24	static
../Core/Src/lvgl/core/lv_obj_style.c:396:6:lv_obj_remove_local_style_prop	24	static
../Core/Src/lvgl/core/lv_obj_style.c:1158:13:fade_in_anim_completed	0	static
../Core/Src/lvgl/core/lv_obj_style.c:421:6:lv_obj_style_create_transition	136	static
../Core/Src/lvgl/core/lv_obj_style.c:1023:13:trans_anim_start_cb	16	static
../Core/Src/lvgl/core/lv_obj_style.c:958:13:trans_anim_cb	32	static
../Core/Src/lvgl/core/lv_obj_style.c:645:14:lv_obj_style_apply_recolor	32	static
../Core/Src/lvgl/core/lv_obj_style.c:656:14:lv_obj_get_style_recolor_recursive	32	static
../Core/Src/lvgl/core/lv_obj_style.c:682:17:lv_obj_bind_style	24	static
../Core/Src/lvgl/core/lv_obj_style.c:711:17:lv_obj_bind_style_prop	24	static
