../Core/Src/lvgl/core/lv_obj_pos.c:1344:13:is_transformed	0	static
../Core/Src/lvgl/core/lv_obj_style_gen.h:1585:29:lv_obj_get_style_base_dir.constprop	16	static
../Core/Src/lvgl/core/lv_obj_style.h:336:23:lv_obj_get_style_space_left.constprop	24	static
../Core/Src/lvgl/core/lv_obj_pos.c:1556:13:transform_point_array	80	static
../Core/Src/lvgl/core/lv_obj_style_gen.h:69:23:lv_obj_get_style_height.constprop	16	static
../Core/Src/lvgl/core/lv_obj_style_gen.h:30:23:lv_obj_get_style_width.constprop	16	static
../Core/Src/lvgl/core/lv_obj_style.h:360:23:lv_obj_get_style_space_bottom.constprop	24	static
../Core/Src/lvgl/core/lv_obj_style.h:352:23:lv_obj_get_style_space_top.constprop	24	static
../Core/Src/lvgl/core/lv_obj_style.h:344:23:lv_obj_get_style_space_right.constprop	24	static
../Core/Src/lvgl/core/lv_obj_pos.c:61:6:lv_obj_set_x	24	static
../Core/Src/lvgl/core/lv_obj_pos.c:75:6:lv_obj_set_y	24	static
../Core/Src/lvgl/core/lv_obj_pos.c:53:6:lv_obj_set_pos	16	static
../Core/Src/lvgl/core/lv_obj_pos.c:307:6:lv_obj_set_width	24	static
../Core/Src/lvgl/core/lv_obj_pos.c:320:6:lv_obj_set_height	24	static
../Core/Src/lvgl/core/lv_obj_pos.c:299:6:lv_obj_set_size	16	static
../Core/Src/lvgl/core/lv_obj_pos.c:333:6:lv_obj_set_content_width	16	static
../Core/Src/lvgl/core/lv_obj_pos.c:340:6:lv_obj_set_content_height	16	static
../Core/Src/lvgl/core/lv_obj_pos.c:356:6:lv_obj_is_layout_positioned	24	static
../Core/Src/lvgl/core/lv_obj_pos.c:368:6:lv_obj_mark_layout_as_dirty	8	static
../Core/Src/lvgl/core/lv_obj_pos.c:347:6:lv_obj_set_layout	8	static
../Core/Src/lvgl/core/lv_obj_pos.c:405:6:lv_obj_set_align	0	static
../Core/Src/lvgl/core/lv_obj_pos.c:410:6:lv_obj_align	16	static
../Core/Src/lvgl/core/lv_obj_pos.c:566:6:lv_obj_get_coords	0	static
../Core/Src/lvgl/core/lv_obj_pos.c:573:9:lv_obj_get_x	16	static
../Core/Src/lvgl/core/lv_obj_pos.c:590:9:lv_obj_get_x2	16	static
../Core/Src/lvgl/core/lv_obj_pos.c:597:9:lv_obj_get_y	16	static
../Core/Src/lvgl/core/lv_obj_pos.c:614:9:lv_obj_get_y2	16	static
../Core/Src/lvgl/core/lv_obj_pos.c:621:9:lv_obj_get_x_aligned	16	static
../Core/Src/lvgl/core/lv_obj_pos.c:626:9:lv_obj_get_y_aligned	16	static
../Core/Src/lvgl/core/lv_obj_pos.c:631:9:lv_obj_get_width	0	static
../Core/Src/lvgl/core/lv_obj_pos.c:638:9:lv_obj_get_height	0	static
../Core/Src/lvgl/core/lv_obj_pos.c:645:9:lv_obj_get_content_width	16	static
../Core/Src/lvgl/core/lv_obj_pos.c:655:9:lv_obj_get_content_height	16	static
../Core/Src/lvgl/core/lv_obj_pos.c:665:6:lv_obj_get_content_coords	16	static
../Core/Src/lvgl/core/lv_obj_pos.c:677:9:lv_obj_get_self_width	16	static
../Core/Src/lvgl/core/lv_obj_pos.c:1353:16:calc_content_width	56	static
../Core/Src/lvgl/core/lv_obj_pos.c:101:16:calc_dynamic_width.part.0	24	static
../Core/Src/lvgl/core/lv_obj_pos.c:127:9:lv_obj_calc_dynamic_width	0	static
../Core/Src/lvgl/core/lv_obj_pos.c:684:9:lv_obj_get_self_height	16	static
../Core/Src/lvgl/core/lv_obj_pos.c:1463:16:calc_content_height	56	static
../Core/Src/lvgl/core/lv_obj_pos.c:144:16:calc_dynamic_height.part.0	24	static
../Core/Src/lvgl/core/lv_obj_pos.c:170:9:lv_obj_calc_dynamic_height	0	static
../Core/Src/lvgl/core/lv_obj_pos.c:691:9:lv_obj_get_style_clamped_width	24	static
../Core/Src/lvgl/core/lv_obj_pos.c:711:9:lv_obj_get_style_clamped_height	24	static
../Core/Src/lvgl/core/lv_obj_pos.c:731:6:lv_obj_is_width_min	16	static
../Core/Src/lvgl/core/lv_obj_pos.c:740:6:lv_obj_is_height_min	16	static
../Core/Src/lvgl/core/lv_obj_pos.c:749:6:lv_obj_is_width_max	16	static
../Core/Src/lvgl/core/lv_obj_pos.c:758:6:lv_obj_is_height_max	16	static
../Core/Src/lvgl/core/lv_obj_pos.c:767:6:lv_obj_refresh_self_size	16	static
../Core/Src/lvgl/core/lv_obj_pos.c:955:6:lv_obj_move_children_by	32	static
../Core/Src/lvgl/core/lv_obj_pos.c:976:6:lv_obj_transform_point_array	32	static
../Core/Src/lvgl/core/lv_obj_pos.c:971:6:lv_obj_transform_point	0	static
../Core/Src/lvgl/core/lv_obj_pos.c:995:6:lv_obj_get_transformed_area	48	static
../Core/Src/lvgl/core/lv_obj_pos.c:1116:6:lv_obj_area_is_visible	56	static
../Core/Src/lvgl/core/lv_obj_pos.c:1615:20:invalidate_area_core	16	static
../Core/Src/lvgl/core/lv_obj_pos.c:1318:20:obj_invalidate_area_internal	48	static
../Core/Src/lvgl/core/lv_obj_pos.c:1084:13:lv_obj_invalidate_area	16	static
../Core/Src/lvgl/core/lv_obj_pos.c:1095:13:lv_obj_invalidate	32	static
../Core/Src/lvgl/core/lv_obj_pos.c:175:6:lv_obj_refr_size	64	static
../Core/Src/lvgl/core/lv_obj_pos.c:886:6:lv_obj_move_to	64	static
../Core/Src/lvgl/core/lv_obj_pos.c:777:6:lv_obj_refr_pos	64	static
../Core/Src/lvgl/core/lv_obj_pos.c:1531:13:layout_update_core	16	static
../Core/Src/lvgl/core/lv_obj_pos.c:381:6:lv_obj_update_layout	16	static
../Core/Src/lvgl/core/lv_obj_pos.c:416:6:lv_obj_align_to	56	static
../Core/Src/lvgl/core/lv_obj_pos.c:1017:31:blur_walk_cb	56	static
../Core/Src/lvgl/core/lv_obj_pos.c:1168:6:lv_obj_is_visible	32	static
../Core/Src/lvgl/core/lv_obj_pos.c:1183:6:lv_obj_set_ext_click_area	16	static
../Core/Src/lvgl/core/lv_obj_pos.c:1191:6:lv_obj_get_click_area	0	static
../Core/Src/lvgl/core/lv_obj_pos.c:1199:6:lv_obj_hit_test	40	static
../Core/Src/lvgl/core/lv_obj_pos.c:1219:9:lv_clamp_width	12	static
../Core/Src/lvgl/core/lv_obj_pos.c:1226:9:lv_clamp_height	0	static
../Core/Src/lvgl/core/lv_obj_pos.c:1233:6:lv_obj_center	0	static
../Core/Src/lvgl/core/lv_obj_pos.c:1238:6:lv_obj_set_transform	0	static
../Core/Src/lvgl/core/lv_obj_pos.c:1272:6:lv_obj_reset_transform	0	static
../Core/Src/lvgl/core/lv_obj_pos.c:1301:21:lv_obj_get_transform	0	static
