../Core/Src/lvgl/core/lv_refr.c:1444:13:wait_for_flushing	8	static
../Core/Src/lvgl/core/lv_refr.c:1376:13:draw_buf_flush	32	static
../Core/Src/lvgl/core/lv_refr.c:842:13:layer_reshape_draw_buf	32	static
../Core/Src/lvgl/core/lv_refr.c:79:6:lv_refr_init	0	static
../Core/Src/lvgl/core/lv_refr.c:83:6:lv_refr_deinit	0	static
../Core/Src/lvgl/core/lv_refr.c:269:13:lv_inv_area	48	static
../Core/Src/lvgl/core/lv_refr.c:348:16:lv_refr_get_disp_refreshing	0	static
../Core/Src/lvgl/core/lv_refr.c:357:6:lv_refr_set_disp_refreshing	0	static
../Core/Src/lvgl/core/lv_refr.c:457:12:lv_refr_get_top_obj	24	static
../Core/Src/lvgl/core/lv_refr.c:494:6:lv_obj_refr	256	static
../Core/Src/lvgl/core/lv_refr.c:104:6:lv_obj_redraw	352	static
../Core/Src/lvgl/core/lv_refr.c:1092:13:refr_obj_and_children	32	static
../Core/Src/lvgl/core/lv_refr.c:969:13:refr_configured_layer	40	static
../Core/Src/lvgl/core/lv_refr.c:858:13:refr_area	80	static
../Core/Src/lvgl/core/lv_refr.c:362:6:lv_display_refr_timer	144	static
../Core/Src/lvgl/core/lv_refr.c:87:6:lv_refr_now	8	static
