../Core/Src/lvgl/widgets/span/../../misc/lv_text_private.h:146:20:lv_text_is_break_char	0	static
../Core/Src/lvgl/widgets/span/lv_span.c:926:13:lv_text_get_snippet	48	static
../Core/Src/lvgl/widgets/span/lv_span.c:840:13:lv_spangroup_destructor	16	static
../Core/Src/lvgl/widgets/span/lv_span.c:827:13:lv_spangroup_constructor	8	static
../Core/Src/lvgl/widgets/span/../../misc/lv_text_private.h:167:20:lv_text_is_a_word	0	static
../Core/Src/lvgl/widgets/span/lv_span.c:1000:16:lv_span_get_style_text_letter_space	16	static
../Core/Src/lvgl/widgets/span/lv_span.c:986:26:lv_span_get_style_text_font	16	static
../Core/Src/lvgl/widgets/span/lv_span.c:1446:25:make_span_coords.constprop.isra	88	static
../Core/Src/lvgl/widgets/span/lv_span.c:140:6:lv_span_stack_init	8	static
../Core/Src/lvgl/widgets/span/lv_span.c:149:6:lv_span_stack_deinit	0	static
../Core/Src/lvgl/widgets/span/lv_span.c:154:12:lv_spangroup_create	8	static
../Core/Src/lvgl/widgets/span/lv_span.c:211:6:lv_span_set_text	16	static
../Core/Src/lvgl/widgets/span/lv_span.c:245:6:lv_span_set_text_fmt	20	static
../Core/Src/lvgl/widgets/span/lv_span.c:277:6:lv_span_set_text_static	16	static
../Core/Src/lvgl/widgets/span/lv_span.c:343:6:lv_spangroup_set_align	0	static
../Core/Src/lvgl/widgets/span/lv_span.c:350:6:lv_spangroup_set_overflow	4	static
../Core/Src/lvgl/widgets/span/lv_span.c:415:14:lv_span_get_style	0	static
../Core/Src/lvgl/widgets/span/lv_span.c:420:14:lv_span_get_text	0	static
../Core/Src/lvgl/widgets/span/lv_span.c:425:13:lv_spangroup_get_child	16	static
../Core/Src/lvgl/widgets/span/lv_span.c:462:10:lv_spangroup_get_span_count	0	static
../Core/Src/lvgl/widgets/span/lv_span.c:475:17:lv_spangroup_get_align	16	static
../Core/Src/lvgl/widgets/span/lv_span.c:480:20:lv_spangroup_get_overflow	0	static
../Core/Src/lvgl/widgets/span/lv_span.c:487:9:lv_spangroup_get_indent	0	static
../Core/Src/lvgl/widgets/span/lv_span.c:494:16:lv_spangroup_get_mode	24	static
../Core/Src/lvgl/widgets/span/lv_span.c:1060:16:convert_indent_pct	16	static
../Core/Src/lvgl/widgets/span/lv_span.c:512:9:lv_spangroup_get_max_lines	0	static
../Core/Src/lvgl/widgets/span/lv_span.c:520:9:lv_spangroup_get_max_line_height	24	static
../Core/Src/lvgl/widgets/span/lv_span.c:538:10:lv_spangroup_get_expand_width	64	static
../Core/Src/lvgl/widgets/span/lv_span.c:573:9:lv_spangroup_get_expand_height	144	static
../Core/Src/lvgl/widgets/span/lv_span.c:695:18:lv_spangroup_get_span_coords	72	static
../Core/Src/lvgl/widgets/span/lv_span.c:727:13:lv_spangroup_get_span_by_point	112	static
../Core/Src/lvgl/widgets/span/lv_span.c:767:6:lv_spangroup_refresh	8	static
../Core/Src/lvgl/widgets/span/lv_span.c:857:13:lv_spangroup_event	352	static
../Core/Src/lvgl/widgets/span/lv_span.c:161:13:lv_spangroup_add_span	16	static
../Core/Src/lvgl/widgets/span/lv_span.c:181:6:lv_spangroup_delete_span	24	static
../Core/Src/lvgl/widgets/span/lv_span.c:271:6:lv_spangroup_set_span_text	8	static
../Core/Src/lvgl/widgets/span/lv_span.c:300:6:lv_spangroup_set_span_text_static	8	static
../Core/Src/lvgl/widgets/span/lv_span.c:306:6:lv_spangroup_set_span_text_fmt	24	static
../Core/Src/lvgl/widgets/span/lv_span.c:1496:13:span_text_observer_cb	4	static
../Core/Src/lvgl/widgets/span/lv_span.c:333:6:lv_spangroup_set_span_style	8	static
../Core/Src/lvgl/widgets/span/lv_span.c:360:6:lv_spangroup_set_indent	0	static
../Core/Src/lvgl/widgets/span/lv_span.c:371:6:lv_spangroup_set_mode	16	static
../Core/Src/lvgl/widgets/span/lv_span.c:402:6:lv_spangroup_set_max_lines	0	static
../Core/Src/lvgl/widgets/span/lv_span.c:776:17:lv_spangroup_bind_span_text	24	static
