../Core/Src/lvgl/draw/lv_draw_buf.c:625:15:buf_align	0	static
../Core/Src/lvgl/draw/lv_draw_buf.c:636:17:width_to_stride	8	static
../Core/Src/lvgl/draw/lv_draw_buf.c:562:13:buf_free	0	static
../Core/Src/lvgl/draw/lv_draw_buf.c:553:15:buf_malloc	0	static
../Core/Src/lvgl/draw/lv_draw_buf.c:62:6:lv_draw_buf_init_with_default_handlers	8	static
../Core/Src/lvgl/draw/lv_draw_buf.c:55:6:lv_draw_buf_init_handlers	8	static
../Core/Src/lvgl/draw/lv_draw_buf.c:67:6:lv_draw_buf_handlers_init	24	static
../Core/Src/lvgl/draw/lv_draw_buf.c:86:26:lv_draw_buf_get_handlers	0	static
../Core/Src/lvgl/draw/lv_draw_buf.c:91:26:lv_draw_buf_get_font_handlers	0	static
../Core/Src/lvgl/draw/lv_draw_buf.c:96:26:lv_draw_buf_get_image_handlers	0	static
../Core/Src/lvgl/draw/lv_draw_buf.c:106:10:lv_draw_buf_width_to_stride_ex	0	static
../Core/Src/lvgl/draw/lv_draw_buf.c:101:10:lv_draw_buf_width_to_stride	0	static
../Core/Src/lvgl/draw/lv_draw_buf.c:661:17:_calculate_draw_buf_size	16	static
../Core/Src/lvgl/draw/lv_draw_buf.c:118:8:lv_draw_buf_align_ex	0	static
../Core/Src/lvgl/draw/lv_draw_buf.c:113:8:lv_draw_buf_align	0	static
../Core/Src/lvgl/draw/lv_draw_buf.c:124:6:lv_draw_buf_invalidate_cache	40	static
../Core/Src/lvgl/draw/lv_draw_buf.c:146:6:lv_draw_buf_flush_cache	40	static
../Core/Src/lvgl/draw/lv_draw_buf.c:218:13:lv_draw_buf_init	32	static
../Core/Src/lvgl/draw/lv_draw_buf.c:255:17:lv_draw_buf_create_ex	40	static
../Core/Src/lvgl/draw/lv_draw_buf.c:250:17:lv_draw_buf_create	16	static
../Core/Src/lvgl/draw/lv_draw_buf.c:298:17:lv_draw_buf_dup_ex	24	static
../Core/Src/lvgl/draw/lv_draw_buf.c:293:17:lv_draw_buf_dup	0	static
../Core/Src/lvgl/draw/lv_draw_buf.c:319:17:lv_draw_buf_reshape	24	static
../Core/Src/lvgl/draw/lv_draw_buf.c:346:6:lv_draw_buf_destroy	8	static
../Core/Src/lvgl/draw/lv_draw_buf.c:364:6:lv_draw_buf_copy	4	static
../Core/Src/lvgl/draw/lv_draw_buf.c:375:8:lv_draw_buf_goto_xy	16	static
../Core/Src/lvgl/draw/lv_draw_buf.c:567:13:buf_copy	40	static
../Core/Src/lvgl/draw/lv_draw_buf.c:168:6:lv_draw_buf_clear	64	static
../Core/Src/lvgl/draw/lv_draw_buf.c:397:13:lv_draw_buf_adjust_stride	32	static
../Core/Src/lvgl/draw/lv_draw_buf.c:468:13:lv_draw_buf_premultiply	32	static
../Core/Src/lvgl/draw/lv_draw_buf.c:501:6:lv_draw_buf_set_palette	8	static
../Core/Src/lvgl/draw/lv_draw_buf.c:515:13:lv_draw_buf_from_image	32	static
../Core/Src/lvgl/draw/lv_draw_buf.c:527:6:lv_draw_buf_to_image	0	static
../Core/Src/lvgl/draw/lv_draw_buf.c:532:6:lv_image_buf_set_palette	8	static
../Core/Src/lvgl/draw/lv_draw_buf.c:538:6:lv_image_buf_free	8	static
