../Core/Src/lvgl/themes/default/lv_theme_default.c:733:13:theme_apply	32	static
../Core/Src/lvgl/themes/default/../../../../Inc/../Src/lvgl/core/../misc/lv_style.h:639:20:lv_style_set_pad_gap	16	static
../Core/Src/lvgl/themes/default/../../../../Inc/../Src/lvgl/core/../misc/lv_style.h:628:20:lv_style_set_pad_ver	16	static
../Core/Src/lvgl/themes/default/../../../../Inc/../Src/lvgl/core/../misc/lv_style.h:617:20:lv_style_set_pad_hor	16	static
../Core/Src/lvgl/themes/default/../../../../Inc/../Src/lvgl/core/../misc/lv_style.h:604:20:lv_style_set_pad_all	16	static
../Core/Src/lvgl/themes/default/lv_theme_default.c:691:6:lv_theme_default_is_inited	0	static
../Core/Src/lvgl/themes/default/lv_theme_default.c:1222:13:style_init_reset	8	static
../Core/Src/lvgl/themes/default/lv_theme_default.c:625:14:lv_theme_default_init	120	static
../Core/Src/lvgl/themes/default/lv_theme_default.c:1233:13:resolution_change_event_cb	24	static
../Core/Src/lvgl/themes/default/lv_theme_default.c:698:14:lv_theme_default_get	8	static
../Core/Src/lvgl/themes/default/lv_theme_default.c:707:6:lv_theme_default_deinit	16	static
