../Core/Src/lvgl/widgets/slider/lv_slider.c:237:13:lv_slider_constructor	16	static
../Core/Src/lvgl/widgets/slider/lv_slider.c:672:13:slider_value_observer_cb	16	static
../Core/Src/lvgl/widgets/slider/lv_slider.c:657:13:slider_value_changed_event_cb	16	static
../Core/Src/lvgl/widgets/slider/lv_slider.c:484:13:is_slider_horizontal	16	static
../Core/Src/lvgl/widgets/slider/lv_slider.c:454:13:position_knob	40	static
../Core/Src/lvgl/widgets/slider/lv_slider.c:123:12:lv_slider_create	8	static
../Core/Src/lvgl/widgets/slider/lv_slider.c:131:6:lv_slider_is_dragged	0	static
../Core/Src/lvgl/widgets/slider/lv_slider.c:139:6:lv_slider_set_value	0	static
../Core/Src/lvgl/widgets/slider/lv_slider.c:144:6:lv_slider_set_start_value	0	static
../Core/Src/lvgl/widgets/slider/lv_slider.c:149:6:lv_slider_set_range	0	static
../Core/Src/lvgl/widgets/slider/lv_slider.c:154:6:lv_slider_set_min_value	0	static
../Core/Src/lvgl/widgets/slider/lv_slider.c:159:6:lv_slider_set_max_value	0	static
../Core/Src/lvgl/widgets/slider/lv_slider.c:164:6:lv_slider_set_mode	0	static
../Core/Src/lvgl/widgets/slider/lv_slider.c:169:6:lv_slider_set_orientation	0	static
../Core/Src/lvgl/widgets/slider/lv_slider.c:174:9:lv_slider_get_value	0	static
../Core/Src/lvgl/widgets/slider/lv_slider.c:179:9:lv_slider_get_left_value	0	static
../Core/Src/lvgl/widgets/slider/lv_slider.c:184:9:lv_slider_get_min_value	0	static
../Core/Src/lvgl/widgets/slider/lv_slider.c:189:9:lv_slider_get_max_value	0	static
../Core/Src/lvgl/widgets/slider/lv_slider.c:194:18:lv_slider_get_mode	8	static
../Core/Src/lvgl/widgets/slider/lv_slider.c:556:13:update_knob_pos	64	static
../Core/Src/lvgl/widgets/slider/lv_slider.c:392:13:draw_knob	392	static
../Core/Src/lvgl/widgets/slider/lv_slider.c:253:13:lv_slider_event	64	static
../Core/Src/lvgl/widgets/slider/lv_slider.c:202:25:lv_slider_get_orientation	8	static
../Core/Src/lvgl/widgets/slider/lv_slider.c:210:6:lv_slider_is_symmetrical	0	static
../Core/Src/lvgl/widgets/slider/lv_slider.c:216:17:lv_slider_bind_value	16	static
