../Middlewares/ST/STM32_USB_Host_Library/Class/HID/Src/usbh_hid.c:496:27:USBH_HID_SOFProcess	0	static
../Middlewares/ST/STM32_USB_Host_Library/Class/HID/Src/usbh_hid.c:248:27:USBH_HID_InterfaceDeInit	16	static
../Middlewares/ST/STM32_USB_Host_Library/Class/HID/Src/usbh_hid.c:137:27:USBH_HID_InterfaceInit	48	static
../Middlewares/ST/STM32_USB_Host_Library/Class/HID/Src/usbh_hid.c:522:20:USBH_HID_GetHIDReportDescriptor	16	static
../Middlewares/ST/STM32_USB_Host_Library/Class/HID/Src/usbh_hid.c:558:20:USBH_HID_GetHIDDescriptor	16	static
../Middlewares/ST/STM32_USB_Host_Library/Class/HID/Src/usbh_hid.c:586:20:USBH_HID_SetIdle	4	static
../Middlewares/ST/STM32_USB_Host_Library/Class/HID/Src/usbh_hid.c:615:20:USBH_HID_SetReport	12	static
../Middlewares/ST/STM32_USB_Host_Library/Class/HID/Src/usbh_hid.c:646:20:USBH_HID_GetReport	12	static
../Middlewares/ST/STM32_USB_Host_Library/Class/HID/Src/usbh_hid.c:673:20:USBH_HID_SetProtocol	0	static
../Middlewares/ST/STM32_USB_Host_Library/Class/HID/Src/usbh_hid.c:282:27:USBH_HID_ClassRequest	24	static
../Middlewares/ST/STM32_USB_Host_Library/Class/HID/Src/usbh_hid.c:740:17:USBH_HID_GetDeviceType	0	static
../Middlewares/ST/STM32_USB_Host_Library/Class/HID/Src/usbh_hid.c:770:9:USBH_HID_GetPollInterval	0	static
../Middlewares/ST/STM32_USB_Host_Library/Class/HID/Src/usbh_hid.c:795:6:USBH_HID_FifoInit	0	static
../Middlewares/ST/STM32_USB_Host_Library/Class/HID/Src/usbh_hid.c:812:10:USBH_HID_FifoRead	16	static
../Middlewares/ST/STM32_USB_Host_Library/Class/HID/Src/usbh_hid.c:856:10:USBH_HID_FifoWrite	20	static
../Middlewares/ST/STM32_USB_Host_Library/Class/HID/Src/usbh_hid.c:898:13:USBH_HID_EventCallback	0	static
../Middlewares/ST/STM32_USB_Host_Library/Class/HID/Src/usbh_hid.c:375:27:USBH_HID_Process	24	static
