../Core/Src/lvgl/layouts/flex/lv_flex.c:583:13:place_content	16	static
../Core/Src/lvgl/layouts/flex/lv_flex.c:622:19:get_next_item	0	static
../Core/Src/lvgl/layouts/flex/../../core/lv_obj_style_gen.h:404:23:lv_obj_get_style_margin_top	16	static
../Core/Src/lvgl/layouts/flex/../../core/lv_obj_style_gen.h:416:23:lv_obj_get_style_margin_bottom	16	static
../Core/Src/lvgl/layouts/flex/../../core/lv_obj_style_gen.h:428:23:lv_obj_get_style_margin_left	16	static
../Core/Src/lvgl/layouts/flex/../../core/lv_obj_style_gen.h:440:23:lv_obj_get_style_margin_right	16	static
../Core/Src/lvgl/layouts/flex/lv_flex.c:643:16:lv_obj_get_height_with_margin	16	static
../Core/Src/lvgl/layouts/flex/lv_flex.c:636:16:lv_obj_get_width_with_margin	16	static
../Core/Src/lvgl/layouts/flex/lv_flex.c:135:13:get_flex_info	24	static
../Core/Src/lvgl/layouts/flex/../../core/lv_obj_style.h:336:23:lv_obj_get_style_space_left.constprop	24	static
../Core/Src/lvgl/layouts/flex/../../core/lv_obj_style.h:352:23:lv_obj_get_style_space_top.constprop	24	static
../Core/Src/lvgl/layouts/flex/lv_flex.c:298:16:find_track_end	64	static
../Core/Src/lvgl/layouts/flex/lv_flex.c:146:13:calc_min_size	88	static
../Core/Src/lvgl/layouts/flex/lv_flex.c:195:13:flex_update	224	static
../Core/Src/lvgl/layouts/flex/lv_flex.c:102:6:lv_flex_init	0	static
../Core/Src/lvgl/layouts/flex/lv_flex.c:109:6:lv_obj_set_flex_flow	8	static
../Core/Src/lvgl/layouts/flex/lv_flex.c:115:6:lv_obj_set_flex_align	16	static
../Core/Src/lvgl/layouts/flex/lv_flex.c:124:6:lv_obj_set_flex_grow	8	static
