../Core/Src/lvgl/stdlib/builtin/lv_tlsf.c:453:25:block_next	0	static
../Core/Src/lvgl/stdlib/builtin/lv_tlsf.c:462:25:block_link_next	8	static
../Core/Src/lvgl/stdlib/builtin/lv_tlsf.c:653:25:block_split	16	static
../Core/Src/lvgl/stdlib/builtin/lv_tlsf.c:821:13:integrity_walker	8	static
../Core/Src/lvgl/stdlib/builtin/lv_tlsf.c:887:13:default_walker	0	static
../Core/Src/lvgl/stdlib/builtin/lv_tlsf.c:508:15:adjust_request_size	0	static
../Core/Src/lvgl/stdlib/builtin/lv_tlsf.c:585:13:remove_free_block	16	static
../Core/Src/lvgl/stdlib/builtin/lv_tlsf.c:527:13:mapping_insert	8	static
../Core/Src/lvgl/stdlib/builtin/lv_tlsf.c:640:13:block_insert	24	static
../Core/Src/lvgl/stdlib/builtin/lv_tlsf.c:781:15:block_prepare_used	16	static
../Core/Src/lvgl/stdlib/builtin/lv_tlsf.c:632:13:block_remove	24	static
../Core/Src/lvgl/stdlib/builtin/lv_tlsf.c:754:25:block_locate_free	24	static
../Core/Src/lvgl/stdlib/builtin/lv_tlsf.c:699:25:block_merge_next	16	static
../Core/Src/lvgl/stdlib/builtin/lv_tlsf.c:838:5:lv_tlsf_check	56	static
../Core/Src/lvgl/stdlib/builtin/lv_tlsf.c:893:6:lv_tlsf_walk_pool	16	static
../Core/Src/lvgl/stdlib/builtin/lv_tlsf.c:909:8:lv_tlsf_block_size	0	static
../Core/Src/lvgl/stdlib/builtin/lv_tlsf.c:919:5:lv_tlsf_check_pool	16	static
../Core/Src/lvgl/stdlib/builtin/lv_tlsf.c:932:8:lv_tlsf_size	0	static
../Core/Src/lvgl/stdlib/builtin/lv_tlsf.c:937:8:lv_tlsf_align_size	0	static
../Core/Src/lvgl/stdlib/builtin/lv_tlsf.c:942:8:lv_tlsf_block_size_min	0	static
../Core/Src/lvgl/stdlib/builtin/lv_tlsf.c:947:8:lv_tlsf_block_size_max	0	static
../Core/Src/lvgl/stdlib/builtin/lv_tlsf.c:957:8:lv_tlsf_pool_overhead	0	static
../Core/Src/lvgl/stdlib/builtin/lv_tlsf.c:962:8:lv_tlsf_alloc_overhead	0	static
../Core/Src/lvgl/stdlib/builtin/lv_tlsf.c:967:11:lv_tlsf_add_pool	16	static
../Core/Src/lvgl/stdlib/builtin/lv_tlsf.c:1014:6:lv_tlsf_remove_pool	24	static
../Core/Src/lvgl/stdlib/builtin/lv_tlsf.c:1060:11:lv_tlsf_create	8	static
../Core/Src/lvgl/stdlib/builtin/lv_tlsf.c:1079:11:lv_tlsf_create_with_pool	16	static
../Core/Src/lvgl/stdlib/builtin/lv_tlsf.c:1086:6:lv_tlsf_destroy	0	static
../Core/Src/lvgl/stdlib/builtin/lv_tlsf.c:1092:11:lv_tlsf_get_pool	0	static
../Core/Src/lvgl/stdlib/builtin/lv_tlsf.c:1097:8:lv_tlsf_malloc	16	static
../Core/Src/lvgl/stdlib/builtin/lv_tlsf.c:1105:8:lv_tlsf_memalign	24	static
../Core/Src/lvgl/stdlib/builtin/lv_tlsf.c:1159:8:lv_tlsf_free	24	static
../Core/Src/lvgl/stdlib/builtin/lv_tlsf.c:1190:8:lv_tlsf_realloc	40	static
