../Core/Src/lvgl/widgets/canvas/lv_canvas.c:437:13:lv_canvas_constructor	0	static
../Core/Src/lvgl/widgets/canvas/lv_canvas.c:443:13:lv_canvas_destructor	0	static
../Core/Src/lvgl/widgets/canvas/lv_canvas.c:58:12:lv_canvas_create	8	static
../Core/Src/lvgl/widgets/canvas/lv_canvas.c:70:6:lv_canvas_set_buffer	48	static
../Core/Src/lvgl/widgets/canvas/lv_canvas.c:89:6:lv_canvas_set_draw_buf	16	static
../Core/Src/lvgl/widgets/canvas/lv_canvas.c:111:6:lv_canvas_set_px	48	static
../Core/Src/lvgl/widgets/canvas/lv_canvas.c:188:6:lv_canvas_set_palette	16	static
../Core/Src/lvgl/widgets/canvas/lv_canvas.c:204:17:lv_canvas_get_draw_buf	0	static
../Core/Src/lvgl/widgets/canvas/lv_canvas.c:212:14:lv_canvas_get_px	24	static
../Core/Src/lvgl/widgets/canvas/lv_canvas.c:266:18:lv_canvas_get_image	0	static
../Core/Src/lvgl/widgets/canvas/lv_canvas.c:274:14:lv_canvas_get_buf	0	static
../Core/Src/lvgl/widgets/canvas/lv_canvas.c:289:6:lv_canvas_copy_buf	8	static
../Core/Src/lvgl/widgets/canvas/lv_canvas.c:303:6:lv_canvas_fill_bg	48	static
../Core/Src/lvgl/widgets/canvas/lv_canvas.c:382:6:lv_canvas_init_layer	16	static
../Core/Src/lvgl/widgets/canvas/lv_canvas.c:402:6:lv_canvas_finish_layer	16	static
../Core/Src/lvgl/widgets/canvas/lv_canvas.c:428:10:lv_canvas_buf_size	0	static
