../Core/Src/lvgl/misc/lv_anim_timeline.c:334:13:exec_anim	16	static
../Core/Src/lvgl/misc/lv_anim_timeline.c:322:16:anim_timeline_path_cb	16	static
../Core/Src/lvgl/misc/lv_anim_timeline.c:229:13:anim_timeline_set_act_time	32	static
../Core/Src/lvgl/misc/lv_anim_timeline.c:328:13:anim_timeline_exec_cb	0	static
../Core/Src/lvgl/misc/lv_anim_timeline.c:46:22:lv_anim_timeline_create	0	static
../Core/Src/lvgl/misc/lv_anim_timeline.c:63:6:lv_anim_timeline_add	24	static
../Core/Src/lvgl/misc/lv_anim_timeline.c:113:6:lv_anim_timeline_pause	0	static
../Core/Src/lvgl/misc/lv_anim_timeline.c:53:6:lv_anim_timeline_delete	8	static
../Core/Src/lvgl/misc/lv_anim_timeline.c:120:6:lv_anim_timeline_set_reverse	0	static
../Core/Src/lvgl/misc/lv_anim_timeline.c:126:6:lv_anim_timeline_set_delay	0	static
../Core/Src/lvgl/misc/lv_anim_timeline.c:132:6:lv_anim_timeline_set_repeat_count	0	static
../Core/Src/lvgl/misc/lv_anim_timeline.c:138:6:lv_anim_timeline_set_repeat_delay	0	static
../Core/Src/lvgl/misc/lv_anim_timeline.c:153:6:lv_anim_timeline_set_user_data	0	static
../Core/Src/lvgl/misc/lv_anim_timeline.c:159:10:lv_anim_timeline_get_playtime	24	static
../Core/Src/lvgl/misc/lv_anim_timeline.c:76:10:lv_anim_timeline_start	136	static
../Core/Src/lvgl/misc/lv_anim_timeline.c:144:6:lv_anim_timeline_set_progress	24	static
../Core/Src/lvgl/misc/lv_anim_timeline.c:177:6:lv_anim_timeline_get_reverse	0	static
../Core/Src/lvgl/misc/lv_anim_timeline.c:184:10:lv_anim_timeline_get_delay	0	static
../Core/Src/lvgl/misc/lv_anim_timeline.c:190:10:lv_anim_timeline_get_progress	16	static
../Core/Src/lvgl/misc/lv_anim_timeline.c:197:10:lv_anim_timeline_get_repeat_count	0	static
../Core/Src/lvgl/misc/lv_anim_timeline.c:203:10:lv_anim_timeline_get_repeat_delay	0	static
../Core/Src/lvgl/misc/lv_anim_timeline.c:209:8:lv_anim_timeline_get_user_data	0	static
../Core/Src/lvgl/misc/lv_anim_timeline.c:215:6:lv_anim_timeline_merge	24	static
