../Core/Src/lvgl/misc/lv_anim.c:847:13:remove_anim	8	static
../Core/Src/lvgl/misc/lv_anim.c:286:9:lv_anim_path_linear	16	static
../Core/Src/lvgl/misc/lv_anim.c:770:16:lv_anim_path_cubic_bezier	32	static
../Core/Src/lvgl/misc/lv_anim.c:742:13:anim_mark_list_change	16	static
../Core/Src/lvgl/misc/lv_anim.c:806:13:remove_concurrent_anims.isra	16	static
../Core/Src/lvgl/misc/lv_anim.c:70:6:lv_anim_core_init	8	static
../Core/Src/lvgl/misc/lv_anim.c:84:6:lv_anim_enable_vsync_mode	16	static
../Core/Src/lvgl/misc/lv_anim.c:108:6:lv_anim_init	8	static
../Core/Src/lvgl/misc/lv_anim.c:172:10:lv_anim_get_playtime	0	static
../Core/Src/lvgl/misc/lv_anim.c:186:6:lv_anim_delete	16	static
../Core/Src/lvgl/misc/lv_anim.c:209:6:lv_anim_delete_all	8	static
../Core/Src/lvgl/misc/lv_anim.c:79:6:lv_anim_core_deinit	0	static
../Core/Src/lvgl/misc/lv_anim.c:215:13:lv_anim_get	16	static
../Core/Src/lvgl/misc/lv_anim.c:227:14:lv_anim_get_timer	0	static
../Core/Src/lvgl/misc/lv_anim.c:232:10:lv_anim_count_running	8	static
../Core/Src/lvgl/misc/lv_anim.c:241:10:lv_anim_speed_clamped	12	static
../Core/Src/lvgl/misc/lv_anim.c:266:10:lv_anim_speed	0	static
../Core/Src/lvgl/misc/lv_anim.c:271:10:lv_anim_speed_to_time	0	static
../Core/Src/lvgl/misc/lv_anim.c:301:9:lv_anim_path_ease_in	16	static
../Core/Src/lvgl/misc/lv_anim.c:307:9:lv_anim_path_ease_out	16	static
../Core/Src/lvgl/misc/lv_anim.c:313:9:lv_anim_path_ease_in_out	16	static
../Core/Src/lvgl/misc/lv_anim.c:319:9:lv_anim_path_overshoot	16	static
../Core/Src/lvgl/misc/lv_anim.c:324:9:lv_anim_path_bounce	24	static
../Core/Src/lvgl/misc/lv_anim.c:376:9:lv_anim_path_step	0	static
../Core/Src/lvgl/misc/lv_anim.c:384:9:lv_anim_path_custom_bezier3	16	static
../Core/Src/lvgl/misc/lv_anim.c:390:6:lv_anim_set_var	0	static
../Core/Src/lvgl/misc/lv_anim.c:395:6:lv_anim_set_exec_cb	0	static
../Core/Src/lvgl/misc/lv_anim.c:400:6:lv_anim_set_duration	0	static
../Core/Src/lvgl/misc/lv_anim.c:405:6:lv_anim_set_delay	0	static
../Core/Src/lvgl/misc/lv_anim.c:410:6:lv_anim_set_values	0	static
../Core/Src/lvgl/misc/lv_anim.c:417:6:lv_anim_set_custom_exec_cb	0	static
../Core/Src/lvgl/misc/lv_anim.c:422:6:lv_anim_set_path_cb	0	static
../Core/Src/lvgl/misc/lv_anim.c:427:6:lv_anim_set_start_cb	0	static
../Core/Src/lvgl/misc/lv_anim.c:432:6:lv_anim_set_get_value_cb	0	static
../Core/Src/lvgl/misc/lv_anim.c:437:6:lv_anim_set_completed_cb	0	static
../Core/Src/lvgl/misc/lv_anim.c:442:6:lv_anim_set_deleted_cb	0	static
../Core/Src/lvgl/misc/lv_anim.c:447:6:lv_anim_set_reverse_duration	0	static
../Core/Src/lvgl/misc/lv_anim.c:452:6:lv_anim_set_reverse_time	0	static
../Core/Src/lvgl/misc/lv_anim.c:457:6:lv_anim_set_reverse_delay	0	static
../Core/Src/lvgl/misc/lv_anim.c:462:6:lv_anim_set_repeat_count	0	static
../Core/Src/lvgl/misc/lv_anim.c:467:6:lv_anim_set_repeat_delay	0	static
../Core/Src/lvgl/misc/lv_anim.c:472:6:lv_anim_set_early_apply	0	static
../Core/Src/lvgl/misc/lv_anim.c:477:6:lv_anim_set_user_data	0	static
../Core/Src/lvgl/misc/lv_anim.c:482:6:lv_anim_set_bezier3_param	0	static
../Core/Src/lvgl/misc/lv_anim.c:492:10:lv_anim_get_delay	0	static
../Core/Src/lvgl/misc/lv_anim.c:497:10:lv_anim_get_time	0	static
../Core/Src/lvgl/misc/lv_anim.c:502:10:lv_anim_get_repeat_count	0	static
../Core/Src/lvgl/misc/lv_anim.c:507:8:lv_anim_get_user_data	0	static
../Core/Src/lvgl/misc/lv_anim.c:512:6:lv_anim_custom_delete	0	static
../Core/Src/lvgl/misc/lv_anim.c:517:13:lv_anim_custom_get	0	static
../Core/Src/lvgl/misc/lv_anim.c:522:10:lv_anim_resolve_speed	0	static
../Core/Src/lvgl/misc/lv_anim.c:792:13:resolve_time	16	static
../Core/Src/lvgl/misc/lv_anim.c:583:13:anim_timer	32	static
../Core/Src/lvgl/misc/lv_anim.c:736:13:anim_vsync_event	0	static
../Core/Src/lvgl/misc/lv_anim.c:281:6:lv_anim_refr_now	0	static
../Core/Src/lvgl/misc/lv_anim.c:123:13:lv_anim_start	16	static
../Core/Src/lvgl/misc/lv_anim.c:536:6:lv_anim_is_paused	0	static
../Core/Src/lvgl/misc/lv_anim.c:542:6:lv_anim_pause	8	static
../Core/Src/lvgl/misc/lv_anim.c:548:6:lv_anim_pause_for	16	static
../Core/Src/lvgl/misc/lv_anim.c:554:6:lv_anim_resume	0	static
