../Core/Src/lvgl/misc/lv_circle_buf.c:291:13:circle_buf_prepare_empty.constprop	16	static
../Core/Src/lvgl/misc/lv_circle_buf.c:53:19:lv_circle_buf_create	16	static
../Core/Src/lvgl/misc/lv_circle_buf.c:72:19:lv_circle_buf_create_from_buf	24	static
../Core/Src/lvgl/misc/lv_circle_buf.c:93:19:lv_circle_buf_create_from_array	16	static
../Core/Src/lvgl/misc/lv_circle_buf.c:117:13:lv_circle_buf_resize	8	static
../Core/Src/lvgl/misc/lv_circle_buf.c:133:6:lv_circle_buf_destroy	8	static
../Core/Src/lvgl/misc/lv_circle_buf.c:142:10:lv_circle_buf_size	0	static
../Core/Src/lvgl/misc/lv_circle_buf.c:149:10:lv_circle_buf_capacity	0	static
../Core/Src/lvgl/misc/lv_circle_buf.c:156:10:lv_circle_buf_remain	0	static
../Core/Src/lvgl/misc/lv_circle_buf.c:163:6:lv_circle_buf_is_empty	0	static
../Core/Src/lvgl/misc/lv_circle_buf.c:170:6:lv_circle_buf_is_full	8	static
../Core/Src/lvgl/misc/lv_circle_buf.c:177:6:lv_circle_buf_reset	0	static
../Core/Src/lvgl/misc/lv_circle_buf.c:185:8:lv_circle_buf_head	0	static
../Core/Src/lvgl/misc/lv_circle_buf.c:193:8:lv_circle_buf_tail	0	static
../Core/Src/lvgl/misc/lv_circle_buf.c:217:13:lv_circle_buf_write	16	static
../Core/Src/lvgl/misc/lv_circle_buf.c:231:10:lv_circle_buf_fill	24	static
../Core/Src/lvgl/misc/lv_circle_buf.c:252:13:lv_circle_buf_skip	0	static
../Core/Src/lvgl/misc/lv_circle_buf.c:275:13:lv_circle_buf_peek_at	16	static
../Core/Src/lvgl/misc/lv_circle_buf.c:201:13:lv_circle_buf_read	8	static
../Core/Src/lvgl/misc/lv_circle_buf.c:267:13:lv_circle_buf_peek	8	static
