../Core/Src/lvgl/misc/lv_fs.c:55:6:lv_fs_init	0	static
../Core/Src/lvgl/misc/lv_fs.c:60:6:lv_fs_deinit	0	static
../Core/Src/lvgl/misc/lv_fs.c:148:6:lv_fs_make_path_from_buffer	24	static
../Core/Src/lvgl/misc/lv_fs.c:162:13:lv_fs_get_buffer_from_path	20	static
../Core/Src/lvgl/misc/lv_fs.c:194:13:lv_fs_close	16	static
../Core/Src/lvgl/misc/lv_fs.c:226:13:lv_fs_read	64	static
../Core/Src/lvgl/misc/lv_fs.c:257:13:lv_fs_write	48	static
../Core/Src/lvgl/misc/lv_fs.c:288:13:lv_fs_seek	24	static
../Core/Src/lvgl/misc/lv_fs.c:316:13:lv_fs_tell	4	static
../Core/Src/lvgl/misc/lv_fs.c:344:13:lv_fs_get_size	24	static
../Core/Src/lvgl/misc/lv_fs.c:491:13:lv_fs_dir_read	8	static
../Core/Src/lvgl/misc/lv_fs.c:516:13:lv_fs_dir_close	8	static
../Core/Src/lvgl/misc/lv_fs.c:538:6:lv_fs_drv_init	0	static
../Core/Src/lvgl/misc/lv_fs.c:543:6:lv_fs_drv_register	8	static
../Core/Src/lvgl/misc/lv_fs.c:554:6:lv_fs_remove_drive	16	static
../Core/Src/lvgl/misc/lv_fs.c:568:15:lv_fs_get_drv	8	static
../Core/Src/lvgl/misc/lv_fs.c:65:6:lv_fs_is_ready	8	static
../Core/Src/lvgl/misc/lv_fs.c:76:13:lv_fs_open	24	static
../Core/Src/lvgl/misc/lv_fs.c:369:13:lv_fs_path_get_size	32	static
../Core/Src/lvgl/misc/lv_fs.c:391:13:lv_fs_load_to_buf	32	static
../Core/Src/lvgl/misc/lv_fs.c:416:8:lv_fs_load_with_alloc	32	static
../Core/Src/lvgl/misc/lv_fs.c:452:13:lv_fs_dir_open	16	static
../Core/Src/lvgl/misc/lv_fs.c:581:8:lv_fs_get_letters	16	static
../Core/Src/lvgl/misc/lv_fs.c:596:14:lv_fs_get_ext	8	static
../Core/Src/lvgl/misc/lv_fs.c:611:8:lv_fs_up	8	static
../Core/Src/lvgl/misc/lv_fs.c:637:14:lv_fs_get_last	8	static
../Core/Src/lvgl/misc/lv_fs.c:663:5:lv_fs_path_join	32	static
