../Core/Src/lvgl/misc/lv_style_gen.c:14:6:lv_style_set_width	8	static
../Core/Src/lvgl/misc/lv_style_gen.c:22:6:lv_style_set_min_width	8	static
../Core/Src/lvgl/misc/lv_style_gen.c:30:6:lv_style_set_max_width	8	static
../Core/Src/lvgl/misc/lv_style_gen.c:38:6:lv_style_set_height	8	static
../Core/Src/lvgl/misc/lv_style_gen.c:46:6:lv_style_set_min_height	8	static
../Core/Src/lvgl/misc/lv_style_gen.c:54:6:lv_style_set_max_height	8	static
../Core/Src/lvgl/misc/lv_style_gen.c:62:6:lv_style_set_length	8	static
../Core/Src/lvgl/misc/lv_style_gen.c:70:6:lv_style_set_x	8	static
../Core/Src/lvgl/misc/lv_style_gen.c:78:6:lv_style_set_y	8	static
../Core/Src/lvgl/misc/lv_style_gen.c:86:6:lv_style_set_align	8	static
../Core/Src/lvgl/misc/lv_style_gen.c:94:6:lv_style_set_transform_width	8	static
../Core/Src/lvgl/misc/lv_style_gen.c:102:6:lv_style_set_transform_height	8	static
../Core/Src/lvgl/misc/lv_style_gen.c:110:6:lv_style_set_translate_x	8	static
../Core/Src/lvgl/misc/lv_style_gen.c:118:6:lv_style_set_translate_y	8	static
../Core/Src/lvgl/misc/lv_style_gen.c:126:6:lv_style_set_translate_radial	8	static
../Core/Src/lvgl/misc/lv_style_gen.c:134:6:lv_style_set_transform_scale_x	8	static
../Core/Src/lvgl/misc/lv_style_gen.c:142:6:lv_style_set_transform_scale_y	8	static
../Core/Src/lvgl/misc/lv_style_gen.c:150:6:lv_style_set_transform_rotation	8	static
../Core/Src/lvgl/misc/lv_style_gen.c:158:6:lv_style_set_transform_pivot_x	8	static
../Core/Src/lvgl/misc/lv_style_gen.c:166:6:lv_style_set_transform_pivot_y	8	static
../Core/Src/lvgl/misc/lv_style_gen.c:174:6:lv_style_set_transform_skew_x	8	static
../Core/Src/lvgl/misc/lv_style_gen.c:182:6:lv_style_set_transform_skew_y	8	static
../Core/Src/lvgl/misc/lv_style_gen.c:190:6:lv_style_set_pad_top	8	static
../Core/Src/lvgl/misc/lv_style_gen.c:198:6:lv_style_set_pad_bottom	8	static
../Core/Src/lvgl/misc/lv_style_gen.c:206:6:lv_style_set_pad_left	8	static
../Core/Src/lvgl/misc/lv_style_gen.c:214:6:lv_style_set_pad_right	8	static
../Core/Src/lvgl/misc/lv_style_gen.c:222:6:lv_style_set_pad_row	8	static
../Core/Src/lvgl/misc/lv_style_gen.c:230:6:lv_style_set_pad_column	8	static
../Core/Src/lvgl/misc/lv_style_gen.c:238:6:lv_style_set_pad_radial	8	static
../Core/Src/lvgl/misc/lv_style_gen.c:246:6:lv_style_set_margin_top	8	static
../Core/Src/lvgl/misc/lv_style_gen.c:254:6:lv_style_set_margin_bottom	8	static
../Core/Src/lvgl/misc/lv_style_gen.c:262:6:lv_style_set_margin_left	8	static
../Core/Src/lvgl/misc/lv_style_gen.c:270:6:lv_style_set_margin_right	8	static
../Core/Src/lvgl/misc/lv_style_gen.c:278:6:lv_style_set_bg_color	16	static
../Core/Src/lvgl/misc/lv_style_gen.c:286:6:lv_style_set_bg_opa	8	static
../Core/Src/lvgl/misc/lv_style_gen.c:294:6:lv_style_set_bg_grad_color	16	static
../Core/Src/lvgl/misc/lv_style_gen.c:302:6:lv_style_set_bg_grad_dir	8	static
../Core/Src/lvgl/misc/lv_style_gen.c:310:6:lv_style_set_bg_main_stop	8	static
../Core/Src/lvgl/misc/lv_style_gen.c:318:6:lv_style_set_bg_grad_stop	8	static
../Core/Src/lvgl/misc/lv_style_gen.c:326:6:lv_style_set_bg_main_opa	8	static
../Core/Src/lvgl/misc/lv_style_gen.c:334:6:lv_style_set_bg_grad_opa	8	static
../Core/Src/lvgl/misc/lv_style_gen.c:342:6:lv_style_set_bg_grad	8	static
../Core/Src/lvgl/misc/lv_style_gen.c:350:6:lv_style_set_bg_image_src	8	static
../Core/Src/lvgl/misc/lv_style_gen.c:358:6:lv_style_set_bg_image_opa	8	static
../Core/Src/lvgl/misc/lv_style_gen.c:366:6:lv_style_set_bg_image_recolor	16	static
../Core/Src/lvgl/misc/lv_style_gen.c:374:6:lv_style_set_bg_image_recolor_opa	8	static
../Core/Src/lvgl/misc/lv_style_gen.c:382:6:lv_style_set_bg_image_tiled	8	static
../Core/Src/lvgl/misc/lv_style_gen.c:390:6:lv_style_set_border_color	16	static
../Core/Src/lvgl/misc/lv_style_gen.c:398:6:lv_style_set_border_opa	8	static
../Core/Src/lvgl/misc/lv_style_gen.c:406:6:lv_style_set_border_width	8	static
../Core/Src/lvgl/misc/lv_style_gen.c:414:6:lv_style_set_border_side	8	static
../Core/Src/lvgl/misc/lv_style_gen.c:422:6:lv_style_set_border_post	8	static
../Core/Src/lvgl/misc/lv_style_gen.c:430:6:lv_style_set_outline_width	8	static
../Core/Src/lvgl/misc/lv_style_gen.c:438:6:lv_style_set_outline_color	16	static
../Core/Src/lvgl/misc/lv_style_gen.c:446:6:lv_style_set_outline_opa	8	static
../Core/Src/lvgl/misc/lv_style_gen.c:454:6:lv_style_set_outline_pad	8	static
../Core/Src/lvgl/misc/lv_style_gen.c:462:6:lv_style_set_shadow_width	8	static
../Core/Src/lvgl/misc/lv_style_gen.c:470:6:lv_style_set_shadow_offset_x	8	static
../Core/Src/lvgl/misc/lv_style_gen.c:478:6:lv_style_set_shadow_offset_y	8	static
../Core/Src/lvgl/misc/lv_style_gen.c:486:6:lv_style_set_shadow_spread	8	static
../Core/Src/lvgl/misc/lv_style_gen.c:494:6:lv_style_set_shadow_color	16	static
../Core/Src/lvgl/misc/lv_style_gen.c:502:6:lv_style_set_shadow_opa	8	static
../Core/Src/lvgl/misc/lv_style_gen.c:510:6:lv_style_set_image_opa	8	static
../Core/Src/lvgl/misc/lv_style_gen.c:518:6:lv_style_set_image_recolor	16	static
../Core/Src/lvgl/misc/lv_style_gen.c:526:6:lv_style_set_image_recolor_opa	8	static
../Core/Src/lvgl/misc/lv_style_gen.c:534:6:lv_style_set_image_colorkey	8	static
../Core/Src/lvgl/misc/lv_style_gen.c:542:6:lv_style_set_line_width	8	static
../Core/Src/lvgl/misc/lv_style_gen.c:550:6:lv_style_set_line_dash_width	8	static
../Core/Src/lvgl/misc/lv_style_gen.c:558:6:lv_style_set_line_dash_gap	8	static
../Core/Src/lvgl/misc/lv_style_gen.c:566:6:lv_style_set_line_rounded	8	static
../Core/Src/lvgl/misc/lv_style_gen.c:574:6:lv_style_set_line_color	16	static
../Core/Src/lvgl/misc/lv_style_gen.c:582:6:lv_style_set_line_opa	8	static
../Core/Src/lvgl/misc/lv_style_gen.c:590:6:lv_style_set_arc_width	8	static
../Core/Src/lvgl/misc/lv_style_gen.c:598:6:lv_style_set_arc_rounded	8	static
../Core/Src/lvgl/misc/lv_style_gen.c:606:6:lv_style_set_arc_color	16	static
../Core/Src/lvgl/misc/lv_style_gen.c:614:6:lv_style_set_arc_opa	8	static
../Core/Src/lvgl/misc/lv_style_gen.c:622:6:lv_style_set_arc_image_src	8	static
../Core/Src/lvgl/misc/lv_style_gen.c:630:6:lv_style_set_text_color	16	static
../Core/Src/lvgl/misc/lv_style_gen.c:638:6:lv_style_set_text_opa	8	static
../Core/Src/lvgl/misc/lv_style_gen.c:646:6:lv_style_set_text_font	8	static
../Core/Src/lvgl/misc/lv_style_gen.c:654:6:lv_style_set_text_letter_space	8	static
../Core/Src/lvgl/misc/lv_style_gen.c:662:6:lv_style_set_text_line_space	8	static
../Core/Src/lvgl/misc/lv_style_gen.c:670:6:lv_style_set_text_decor	8	static
../Core/Src/lvgl/misc/lv_style_gen.c:678:6:lv_style_set_text_align	8	static
../Core/Src/lvgl/misc/lv_style_gen.c:686:6:lv_style_set_text_outline_stroke_color	16	static
../Core/Src/lvgl/misc/lv_style_gen.c:694:6:lv_style_set_text_outline_stroke_width	8	static
../Core/Src/lvgl/misc/lv_style_gen.c:702:6:lv_style_set_text_outline_stroke_opa	8	static
../Core/Src/lvgl/misc/lv_style_gen.c:710:6:lv_style_set_blur_radius	8	static
../Core/Src/lvgl/misc/lv_style_gen.c:718:6:lv_style_set_blur_backdrop	8	static
../Core/Src/lvgl/misc/lv_style_gen.c:726:6:lv_style_set_blur_quality	8	static
../Core/Src/lvgl/misc/lv_style_gen.c:734:6:lv_style_set_drop_shadow_radius	8	static
../Core/Src/lvgl/misc/lv_style_gen.c:742:6:lv_style_set_drop_shadow_offset_x	8	static
../Core/Src/lvgl/misc/lv_style_gen.c:750:6:lv_style_set_drop_shadow_offset_y	8	static
../Core/Src/lvgl/misc/lv_style_gen.c:758:6:lv_style_set_drop_shadow_color	16	static
../Core/Src/lvgl/misc/lv_style_gen.c:766:6:lv_style_set_drop_shadow_opa	8	static
../Core/Src/lvgl/misc/lv_style_gen.c:774:6:lv_style_set_drop_shadow_quality	8	static
../Core/Src/lvgl/misc/lv_style_gen.c:782:6:lv_style_set_radius	8	static
../Core/Src/lvgl/misc/lv_style_gen.c:790:6:lv_style_set_radial_offset	8	static
../Core/Src/lvgl/misc/lv_style_gen.c:798:6:lv_style_set_clip_corner	8	static
../Core/Src/lvgl/misc/lv_style_gen.c:806:6:lv_style_set_opa	8	static
../Core/Src/lvgl/misc/lv_style_gen.c:814:6:lv_style_set_opa_layered	8	static
../Core/Src/lvgl/misc/lv_style_gen.c:822:6:lv_style_set_color_filter_dsc	8	static
../Core/Src/lvgl/misc/lv_style_gen.c:830:6:lv_style_set_color_filter_opa	8	static
../Core/Src/lvgl/misc/lv_style_gen.c:838:6:lv_style_set_recolor	16	static
../Core/Src/lvgl/misc/lv_style_gen.c:846:6:lv_style_set_recolor_opa	8	static
../Core/Src/lvgl/misc/lv_style_gen.c:854:6:lv_style_set_anim	8	static
../Core/Src/lvgl/misc/lv_style_gen.c:862:6:lv_style_set_anim_duration	8	static
../Core/Src/lvgl/misc/lv_style_gen.c:870:6:lv_style_set_transition	8	static
../Core/Src/lvgl/misc/lv_style_gen.c:878:6:lv_style_set_blend_mode	8	static
../Core/Src/lvgl/misc/lv_style_gen.c:886:6:lv_style_set_layout	8	static
../Core/Src/lvgl/misc/lv_style_gen.c:894:6:lv_style_set_base_dir	8	static
../Core/Src/lvgl/misc/lv_style_gen.c:902:6:lv_style_set_bitmap_mask_src	8	static
../Core/Src/lvgl/misc/lv_style_gen.c:910:6:lv_style_set_rotary_sensitivity	8	static
../Core/Src/lvgl/misc/lv_style_gen.c:919:6:lv_style_set_flex_flow	8	static
../Core/Src/lvgl/misc/lv_style_gen.c:927:6:lv_style_set_flex_main_place	8	static
../Core/Src/lvgl/misc/lv_style_gen.c:935:6:lv_style_set_flex_cross_place	8	static
../Core/Src/lvgl/misc/lv_style_gen.c:943:6:lv_style_set_flex_track_place	8	static
../Core/Src/lvgl/misc/lv_style_gen.c:951:6:lv_style_set_flex_grow	8	static
../Core/Src/lvgl/misc/lv_style_gen.c:962:6:lv_style_set_grid_column_dsc_array	8	static
../Core/Src/lvgl/misc/lv_style_gen.c:970:6:lv_style_set_grid_column_align	8	static
../Core/Src/lvgl/misc/lv_style_gen.c:978:6:lv_style_set_grid_row_dsc_array	8	static
../Core/Src/lvgl/misc/lv_style_gen.c:986:6:lv_style_set_grid_row_align	8	static
../Core/Src/lvgl/misc/lv_style_gen.c:994:6:lv_style_set_grid_cell_column_pos	8	static
../Core/Src/lvgl/misc/lv_style_gen.c:1002:6:lv_style_set_grid_cell_x_align	8	static
../Core/Src/lvgl/misc/lv_style_gen.c:1010:6:lv_style_set_grid_cell_column_span	8	static
../Core/Src/lvgl/misc/lv_style_gen.c:1018:6:lv_style_set_grid_cell_row_pos	8	static
../Core/Src/lvgl/misc/lv_style_gen.c:1026:6:lv_style_set_grid_cell_y_align	8	static
../Core/Src/lvgl/misc/lv_style_gen.c:1034:6:lv_style_set_grid_cell_row_span	8	static
