../Core/Src/lvgl/misc/lv_timer.c:401:13:lv_timer_handler_resume	0	static
../Core/Src/lvgl/misc/lv_timer.c:55:6:lv_timer_core_init	8	static
../Core/Src/lvgl/misc/lv_timer.c:165:14:lv_timer_create	24	static
../Core/Src/lvgl/misc/lv_timer.c:160:14:lv_timer_create_basic	0	static
../Core/Src/lvgl/misc/lv_timer.c:192:6:lv_timer_set_cb	0	static
../Core/Src/lvgl/misc/lv_timer.c:198:6:lv_timer_delete	8	static
../Core/Src/lvgl/misc/lv_timer.c:63:37:lv_timer_handler	32	static
../Core/Src/lvgl/misc/lv_timer.c:150:33:lv_timer_periodic_handler	8	static
../Core/Src/lvgl/misc/lv_timer.c:213:6:lv_timer_pause	0	static
../Core/Src/lvgl/misc/lv_timer.c:219:6:lv_timer_resume	0	static
../Core/Src/lvgl/misc/lv_timer.c:226:6:lv_timer_set_period	0	static
../Core/Src/lvgl/misc/lv_timer.c:233:6:lv_timer_ready	8	static
../Core/Src/lvgl/misc/lv_timer.c:240:6:lv_timer_set_repeat_count	0	static
../Core/Src/lvgl/misc/lv_timer.c:246:6:lv_timer_set_auto_delete	0	static
../Core/Src/lvgl/misc/lv_timer.c:252:6:lv_timer_set_user_data	0	static
../Core/Src/lvgl/misc/lv_timer.c:258:6:lv_timer_reset	8	static
../Core/Src/lvgl/misc/lv_timer.c:265:6:lv_timer_enable	0	static
../Core/Src/lvgl/misc/lv_timer.c:271:6:lv_timer_core_deinit	0	static
../Core/Src/lvgl/misc/lv_timer.c:278:10:lv_timer_get_idle	0	static
../Core/Src/lvgl/misc/lv_timer.c:283:10:lv_timer_get_time_until_next	0	static
../Core/Src/lvgl/misc/lv_timer.c:288:14:lv_timer_get_next	0	static
../Core/Src/lvgl/misc/lv_timer.c:294:37:lv_timer_handler_run_in_period	16	static
../Core/Src/lvgl/misc/lv_timer.c:305:8:lv_timer_get_user_data	0	static
../Core/Src/lvgl/misc/lv_timer.c:310:6:lv_timer_get_paused	0	static
../Core/Src/lvgl/misc/lv_timer.c:410:6:lv_timer_handler_set_resume_cb	0	static
