../Core/Src/lvgl/widgets/image/lv_image.c:673:13:lv_image_constructor	16	static
../Core/Src/lvgl/widgets/image/lv_image.c:1037:13:reset_image_attributes	8	static
../Core/Src/lvgl/widgets/image/lv_image.c:699:13:lv_image_destructor	8	static
../Core/Src/lvgl/widgets/image/lv_image.c:136:12:lv_image_create	8	static
../Core/Src/lvgl/widgets/image/lv_image.c:262:6:lv_image_set_offset_x	0	static
../Core/Src/lvgl/widgets/image/lv_image.c:272:6:lv_image_set_offset_y	0	static
../Core/Src/lvgl/widgets/image/lv_image.c:434:6:lv_image_set_blend_mode	0	static
../Core/Src/lvgl/widgets/image/lv_image.c:448:6:lv_image_set_antialias	0	static
../Core/Src/lvgl/widgets/image/lv_image.c:478:6:lv_image_set_bitmap_map_src	0	static
../Core/Src/lvgl/widgets/image/lv_image.c:490:14:lv_image_get_src	0	static
../Core/Src/lvgl/widgets/image/lv_image.c:499:9:lv_image_get_offset_x	0	static
../Core/Src/lvgl/widgets/image/lv_image.c:508:9:lv_image_get_offset_y	0	static
../Core/Src/lvgl/widgets/image/lv_image.c:517:9:lv_image_get_rotation	0	static
../Core/Src/lvgl/widgets/image/lv_image.c:526:6:lv_image_get_pivot	16	static
../Core/Src/lvgl/widgets/image/lv_image.c:960:13:scale_update	72	static
../Core/Src/lvgl/widgets/image/lv_image.c:386:6:lv_image_set_scale	0	static
../Core/Src/lvgl/widgets/image/lv_image.c:402:6:lv_image_set_scale_x	0	static
../Core/Src/lvgl/widgets/image/lv_image.c:418:6:lv_image_set_scale_y	0	static
../Core/Src/lvgl/widgets/image/lv_image.c:282:6:lv_image_set_rotation	64	static
../Core/Src/lvgl/widgets/image/lv_image.c:327:6:lv_image_set_pivot	72	static
../Core/Src/lvgl/widgets/image/lv_image.c:995:13:update_align	16	static
../Core/Src/lvgl/widgets/image/lv_image.c:148:6:lv_image_set_src	64	static
../Core/Src/lvgl/widgets/image/lv_image.c:1054:13:image_src_observer_cb	0	static
../Core/Src/lvgl/widgets/image/lv_image.c:459:6:lv_image_set_inner_align	16	static
../Core/Src/lvgl/widgets/image/lv_image.c:370:6:lv_image_set_pivot_x	0	static
../Core/Src/lvgl/widgets/image/lv_image.c:378:6:lv_image_set_pivot_y	0	static
../Core/Src/lvgl/widgets/image/lv_image.c:710:13:lv_image_event	232	static
../Core/Src/lvgl/widgets/image/lv_image.c:536:9:lv_image_get_scale	0	static
../Core/Src/lvgl/widgets/image/lv_image.c:545:9:lv_image_get_scale_x	0	static
../Core/Src/lvgl/widgets/image/lv_image.c:554:9:lv_image_get_scale_y	0	static
../Core/Src/lvgl/widgets/image/lv_image.c:563:9:lv_image_get_src_width	8	static
../Core/Src/lvgl/widgets/image/lv_image.c:573:9:lv_image_get_src_height	8	static
../Core/Src/lvgl/widgets/image/lv_image.c:583:9:lv_image_get_transformed_width	56	static
../Core/Src/lvgl/widgets/image/lv_image.c:599:9:lv_image_get_transformed_height	56	static
../Core/Src/lvgl/widgets/image/lv_image.c:615:17:lv_image_get_blend_mode	0	static
../Core/Src/lvgl/widgets/image/lv_image.c:624:6:lv_image_get_antialias	0	static
../Core/Src/lvgl/widgets/image/lv_image.c:633:18:lv_image_get_inner_align	0	static
../Core/Src/lvgl/widgets/image/lv_image.c:642:24:lv_image_get_bitmap_map_src	0	static
../Core/Src/lvgl/widgets/image/lv_image.c:653:17:lv_image_bind_src	0	static
