../Core/Src/main.c:515:13:btn_settings_save_1_cb	32	static
../Core/Src/main.c:213:13:go_admin_cb	8	static
../Core/Src/main.c:120:13:return_main_cb	8	static
../Core/Src/main.c:235:13:add_pwd_char	0	static
../Core/Src/main.c:506:13:btn_settings_save_cb	152	static
../Core/Src/main.c:533:13:slider_relay_1_cb	8	static
../Core/Src/main.c:527:13:slider_relay_cb	8	static
../Core/Src/main.c:520:13:slider_brightness_cb	8	static
../Core/Src/main.c:279:13:my_touchpad_read	32	static
../Core/Src/main.c:540:13:ta_event_cb	16	static
../Core/Src/main.c:202:13:my_disp_flush	24	static
../Core/Src/main.c:155:13:rtc_update_timer_cb	128	static
../Core/Src/main.c:136:6:HAL_UART_RxCpltCallback	8	static
../Core/Src/main.c:170:6:USBH_HID_EventCallback	144	static
../Core/Src/main.c:221:6:action_btn_admin_on_pressed	8	static
../Core/Src/main.c:232:6:action_button_matrix_password_pressed	0	static
../Core/Src/main.c:240:6:action_pwd_btn_1_pressed	0	static
../Core/Src/main.c:241:6:action_pwd_btn_2_pressed	0	static
../Core/Src/main.c:242:6:action_pwd_btn_3_pressed	0	static
../Core/Src/main.c:243:6:action_pwd_btn_4_pressed	0	static
../Core/Src/main.c:244:6:action_pwd_btn_5_pressed	0	static
../Core/Src/main.c:245:6:action_pwd_btn_6_pressed	0	static
../Core/Src/main.c:246:6:action_pwd_btn_7_pressed	0	static
../Core/Src/main.c:247:6:action_pwd_btn_8_pressed	0	static
../Core/Src/main.c:248:6:action_pwd_btn_9_pressed	0	static
../Core/Src/main.c:249:6:action_pwd_btn_0_pressed	0	static
../Core/Src/main.c:250:6:action_pwd_btn_del_pressed	0	static
../Core/Src/main.c:255:6:action_pwd_btn_ok_pressed	8	static
../Core/Src/main.c:269:6:action_load_admin_users	0	static
../Core/Src/main.c:270:6:action_load_admin_history	0	static
../Core/Src/main.c:271:6:action_load_admin_settings	0	static
../Core/Src/main.c:272:6:action_load_admin_test	0	static
../Core/Src/main.c:273:6:action_load_main	0	static
../Core/Src/main.c:318:6:App_DrawMainUI	72	static
../Core/Src/main.c:388:6:App_RFIDProcess	136	static
../Core/Src/main.c:433:6:App_TouchProcess	128	static
../Core/Src/main.c:817:6:SystemClock_Config	88	static,ignoring_inline_asm
../Core/Src/main.c:571:5:main	160	static,ignoring_inline_asm
../Core/Src/main.c:1420:6:Error_Handler	0	static,ignoring_inline_asm
