../Core/Src/main.c:127:13:go_admin_cb	8	static
../Core/Src/main.c:149:13:add_pwd_char	0	static
../Core/Src/main.c:189:13:my_touchpad_read	16	static
../Core/Src/main.c:116:13:my_disp_flush	24	static
../Core/Src/main.c:135:6:action_btn_admin_on_pressed	8	static
../Core/Src/main.c:146:6:action_button_matrix_password_pressed	0	static
../Core/Src/main.c:154:6:action_pwd_btn_1_pressed	0	static
../Core/Src/main.c:155:6:action_pwd_btn_2_pressed	0	static
../Core/Src/main.c:156:6:action_pwd_btn_3_pressed	0	static
../Core/Src/main.c:157:6:action_pwd_btn_4_pressed	0	static
../Core/Src/main.c:158:6:action_pwd_btn_5_pressed	0	static
../Core/Src/main.c:159:6:action_pwd_btn_6_pressed	0	static
../Core/Src/main.c:160:6:action_pwd_btn_7_pressed	0	static
../Core/Src/main.c:161:6:action_pwd_btn_8_pressed	0	static
../Core/Src/main.c:162:6:action_pwd_btn_9_pressed	0	static
../Core/Src/main.c:163:6:action_pwd_btn_0_pressed	0	static
../Core/Src/main.c:164:6:action_pwd_btn_del_pressed	0	static
../Core/Src/main.c:169:6:action_pwd_btn_ok_pressed	8	static
../Core/Src/main.c:182:6:action_load_admin_users	0	static
../Core/Src/main.c:183:6:action_load_admin_history	0	static
../Core/Src/main.c:184:6:action_load_admin_settings	0	static
../Core/Src/main.c:185:6:action_load_admin_test	0	static
../Core/Src/main.c:186:6:action_load_main	0	static
../Core/Src/main.c:209:6:App_DrawMainUI	72	static
../Core/Src/main.c:279:6:App_RFIDProcess	240	static
../Core/Src/main.c:382:6:App_TouchProcess	128	static
../Core/Src/main.c:586:6:SystemClock_Config	88	static,ignoring_inline_asm
../Core/Src/main.c:460:5:main	96	static,ignoring_inline_asm
../Core/Src/main.c:1222:6:Error_Handler	0	static,ignoring_inline_asm
