../Core/Src/stm32f4xx_hal_msp.c:81:6:HAL_MspInit	8	static
../Core/Src/stm32f4xx_hal_msp.c:104:6:HAL_ADC_MspInit	8	static
../Core/Src/stm32f4xx_hal_msp.c:127:6:HAL_ADC_MspDeInit	0	static
../Core/Src/stm32f4xx_hal_msp.c:149:6:HAL_CAN_MspInit	40	static
../Core/Src/stm32f4xx_hal_msp.c:195:6:HAL_CAN_MspDeInit	8	static
../Core/Src/stm32f4xx_hal_msp.c:229:6:HAL_RTC_MspInit	24	static
../Core/Src/stm32f4xx_hal_msp.c:263:6:HAL_RTC_MspDeInit	0	static
../Core/Src/stm32f4xx_hal_msp.c:285:6:HAL_SD_MspInit	64	static
../Core/Src/stm32f4xx_hal_msp.c:365:6:HAL_SD_MspDeInit	8	static
../Core/Src/stm32f4xx_hal_msp.c:407:6:HAL_SPI_MspInit	64	static
../Core/Src/stm32f4xx_hal_msp.c:614:6:HAL_SPI_MspDeInit	8	static
../Core/Src/stm32f4xx_hal_msp.c:700:6:HAL_TIM_PWM_MspInit	8	static
../Core/Src/stm32f4xx_hal_msp.c:723:6:HAL_TIM_Base_MspInit	8	static
../Core/Src/stm32f4xx_hal_msp.c:740:6:HAL_TIM_MspPostInit	32	static
../Core/Src/stm32f4xx_hal_msp.c:772:6:HAL_TIM_PWM_MspDeInit	0	static
../Core/Src/stm32f4xx_hal_msp.c:794:6:HAL_TIM_Base_MspDeInit	0	static
../Core/Src/stm32f4xx_hal_msp.c:816:6:HAL_UART_MspInit	64	static
../Core/Src/stm32f4xx_hal_msp.c:943:6:HAL_UART_MspDeInit	8	static
