../Core/Src/lvgl/widgets/tabview/lv_tabview.c:85:12:lv_tabview_create	8	static
../Core/Src/lvgl/widgets/tabview/lv_tabview.c:281:10:lv_tabview_get_tab_active	0	static
../Core/Src/lvgl/widgets/tabview/lv_tabview.c:302:12:lv_tabview_get_content	0	static
../Core/Src/lvgl/widgets/tabview/lv_tabview.c:307:12:lv_tabview_get_tab_bar	0	static
../Core/Src/lvgl/widgets/tabview/lv_tabview.c:124:6:lv_tabview_set_tab_text	16	static
../Core/Src/lvgl/widgets/tabview/lv_tabview.c:266:6:lv_tabview_set_tab_bar_size	16	static
../Core/Src/lvgl/widgets/tabview/lv_tabview.c:195:6:lv_tabview_set_tab_bar_position	24	static
../Core/Src/lvgl/widgets/tabview/lv_tabview.c:323:13:lv_tabview_constructor	16	static
../Core/Src/lvgl/widgets/tabview/lv_tabview.c:288:12:lv_tabview_get_tab_button	8	static
../Core/Src/lvgl/widgets/tabview/lv_tabview.c:295:10:lv_tabview_get_tab_count	8	static
../Core/Src/lvgl/widgets/tabview/lv_tabview.c:150:6:lv_tabview_set_active	40	static
../Core/Src/lvgl/widgets/tabview/lv_tabview.c:355:13:lv_tabview_event	16	static
../Core/Src/lvgl/widgets/tabview/lv_tabview.c:393:13:cont_scroll_end_event_cb	32	static
../Core/Src/lvgl/widgets/tabview/lv_tabview.c:369:13:button_clicked_event_cb	16	static
../Core/Src/lvgl/widgets/tabview/lv_tabview.c:94:12:lv_tabview_add_tab	32	static
../Core/Src/lvgl/widgets/tabview/lv_tabview.c:312:10:lv_tabview_get_tab_bar_position	0	static
