../Core/Src/lvgl/widgets/imagebutton/lv_imagebutton.c:335:31:get_state	8	static
../Core/Src/lvgl/widgets/imagebutton/lv_imagebutton.c:304:31:suggest_state	0	static
../Core/Src/lvgl/widgets/imagebutton/lv_imagebutton.c:283:13:refr_image	16	static
../Core/Src/lvgl/widgets/imagebutton/lv_imagebutton.c:184:13:lv_imagebutton_event	216	static
../Core/Src/lvgl/widgets/imagebutton/lv_imagebutton.c:356:13:update_src_info	16	static
../Core/Src/lvgl/widgets/imagebutton/lv_imagebutton.c:173:13:lv_imagebutton_constructor	8	static
../Core/Src/lvgl/widgets/imagebutton/lv_imagebutton.c:63:12:lv_imagebutton_create	8	static
../Core/Src/lvgl/widgets/imagebutton/lv_imagebutton.c:75:6:lv_imagebutton_set_src	24	static
../Core/Src/lvgl/widgets/imagebutton/lv_imagebutton.c:93:6:lv_imagebutton_set_src_left	8	static
../Core/Src/lvgl/widgets/imagebutton/lv_imagebutton.c:102:6:lv_imagebutton_set_src_right	8	static
../Core/Src/lvgl/widgets/imagebutton/lv_imagebutton.c:111:6:lv_imagebutton_set_src_mid	8	static
../Core/Src/lvgl/widgets/imagebutton/lv_imagebutton.c:120:6:lv_imagebutton_set_state	16	static
../Core/Src/lvgl/widgets/imagebutton/lv_imagebutton.c:144:14:lv_imagebutton_get_src_left	0	static
../Core/Src/lvgl/widgets/imagebutton/lv_imagebutton.c:153:14:lv_imagebutton_get_src_middle	0	static
../Core/Src/lvgl/widgets/imagebutton/lv_imagebutton.c:161:14:lv_imagebutton_get_src_right	0	static
